
> renderx-plugins-demo@0.1.0 build
> npm run validate:domains && npm run generate:governance:docs && npm run validate:governance:docs && npm run validate:agent:behavior && npm run generate:slo:traceability && node scripts/enrich-domain-authorities.cjs && npm run build:all && npm run regenerate:ographx


> renderx-plugins-demo@0.1.0 validate:domains
> node scripts/validate-domain-authorities.cjs

Domain Validation Report

File: C:\source\repos\bpm\Internal\renderx-plugins-demo\docs\domains\orchestration-core.json
  Γ£à Clean

File: C:\source\repos\bpm\Internal\renderx-plugins-demo\docs\domains\self-healing.json
  Γ£à Clean

File: C:\source\repos\bpm\Internal\renderx-plugins-demo\docs\domains\slo-dashboard.json
  Γ£à Clean

File: C:\source\repos\bpm\Internal\renderx-plugins-demo\docs\domains\telemetry-pipeline.json
  Γ£à Clean

Summary: 0 errors, 0 warnings across 4 file(s).
Γ£à Domain validation passed.

> renderx-plugins-demo@0.1.0 generate:governance:docs
> node scripts/generate-governance-docs.cjs && node scripts/generate-tools-registry-docs.js

Generated governance docs: [
  {
    id: 'slo-traceability-plan-md',
    output: 'C:\\source\\repos\\bpm\\Internal\\renderx-plugins-demo\\docs\\governance\\SLO_DASHBOARD_TRACEABILITY_PLAN.md'
  },
  {
    id: 'bdd-pipeline-analysis-md',
    output: 'C:\\source\\repos\\bpm\\Internal\\renderx-plugins-demo\\docs\\governance\\BDD_PIPELINE_ANALYSIS.md'
  },
  {
    id: 'bdd-pipeline-visual-architecture-md',
    output: 'C:\\source\\repos\\bpm\\Internal\\renderx-plugins-demo\\docs\\governance\\BDD_PIPELINE_VISUAL_ARCHITECTURE.md'
  }
]
Γ£à Wrote C:\source\repos\bpm\Internal\renderx-plugins-demo\docs\governance\TOOLS_REGISTRY.md

> renderx-plugins-demo@0.1.0 validate:governance:docs
> node scripts/validate-generated-docs.cjs

OK slo-traceability-plan-md hash 4ef092bc039f...
OK bdd-pipeline-analysis-md hash 38b25fc459b4...
OK bdd-pipeline-visual-architecture-md hash cad512c4ea1b...
All generated governance docs validated successfully.

> renderx-plugins-demo@0.1.0 validate:agent:behavior
> node scripts/validate-agent-behavior.cjs

node.exe : [WARN] Orphan governance markdown 
(consider adding manifest or converting to JSON 
authority): 
docs/governance/CAG_ROOT_FILE_GOVERNANCE_SYSTEM.md
At line:1 char:1
+ & "C:\Program Files\nodejs/node.exe" "C:\Program 
Files\nodejs/node_mo ...
+ ~~~~~~~~~~~~~~~~~~~~~~~~~~~~~~~~~~~~~~~~~~~~~~~~~~
~~~~~~~~~~~~~~~~~~~
    + CategoryInfo          : NotSpecified: ([WARN] 
    Orphan g...NANCE_SYSTEM.md:String) [], RemoteE  
  xception
    + FullyQualifiedErrorId : NativeCommandError
 
[WARN] Orphan governance markdown (consider adding 
manifest or converting to JSON authority): 
docs/governance/DELIVERABLES_COMPLETE.md
[WARN] Orphan governance markdown (consider adding 
manifest or converting to JSON authority): docs/gove
rnance/DOCUMENTATION_AUTO_GENERATION_GOVERNANCE.md
[WARN] Orphan governance markdown (consider adding 
manifest or converting to JSON authority): docs/gove
rnance/DOCUMENTATION_GOVERNANCE_IMPLEMENTATION_COMPL
ETE.md
[WARN] Orphan governance markdown (consider adding 
manifest or converting to JSON authority): 
docs/governance/DOCUMENTATION_GOVERNANCE_INDEX.md
[WARN] Orphan governance markdown (consider adding 
manifest or converting to JSON authority): 
docs/governance/DOMAIN_DOCUMENTATION_STRUCTURE.md
[WARN] Orphan governance markdown (consider adding 
manifest or converting to JSON authority): 
docs/governance/FILE_ALLOCATION_SYSTEM.md
[WARN] Orphan governance markdown (consider adding 
manifest or converting to JSON authority): docs/gove
rnance/GOVERNANCE_AND_ARCHIVAL_SYSTEM_COMPLETE.md
[WARN] Orphan governance markdown (consider adding 
manifest or converting to JSON authority): 
docs/governance/GOVERNANCE_SYSTEM_MERGER_COMPLETE.md
[WARN] Orphan governance markdown (consider adding 
manifest or converting to JSON authority): 
docs/governance/MERGER_COMPLETE_SUMMARY.md
[WARN] Orphan governance markdown (consider adding 
manifest or converting to JSON authority): 
docs/governance/MERGER_VISUAL_SUMMARY.md
[WARN] Orphan governance markdown (consider adding 
manifest or converting to JSON authority): 
docs/governance/PATTERN_RECOGNITION_ACHIEVEMENT.md
[WARN] Orphan governance markdown (consider adding 
manifest or converting to JSON authority): 
docs/governance/SYMPHONIA_CONFORMITY_DASHBOARD.md
[WARN] Orphan governance markdown (consider adding 
manifest or converting to JSON authority): 
docs/governance/SYMPHONIA_REMEDIATION_PLAN.md
Agent behavior validation passed. 14 warning(s).

> renderx-plugins-demo@0.1.0 generate:slo:traceability
> node scripts/generate-slo-traceability-manifest.cjs

SLO traceability manifest written to C:\source\repos\bpm\Internal\renderx-plugins-demo\.generated\slo-dashboard\traceability-manifest.json
Enriched orchestration-core: lineage_hash=d53a62a5.. checksum=cc678547..
Enriched self-healing: lineage_hash=b72935b7.. checksum=dcdfd92f..
Enriched slo-dashboard: lineage_hash=f92e9bac.. checksum=35c03f64..
Enriched telemetry-pipeline: lineage_hash=d8382c7b.. checksum=e6a0255e..
Γ£à Enrichment complete.

> renderx-plugins-demo@0.1.0 build:all
> npm run build:packages && npm run build:host


> renderx-plugins-demo@0.1.0 build:packages
> npm --prefix packages/components run build && npm --prefix packages/musical-conductor run build && npm --prefix packages/host-sdk run build && npm --prefix packages/manifest-tools run build && npm --prefix packages/canvas run build && npm --prefix packages/canvas-component run build && npm --prefix packages/control-panel run build && npm --prefix packages/header run build && npm --prefix packages/library run build && npm --prefix packages/library-component run build && npm --prefix packages/real-estate-analyzer run build && npm --prefix packages/self-healing run build && npm --prefix packages/slo-dashboard run build


> @renderx-plugins/components@0.1.1 build
> tsc


> musical-conductor@1.5.1 build
> tsc


> @renderx-plugins/host-sdk@1.0.6 build
> tsc --build


> @renderx-plugins/manifest-tools@0.1.2 build
> tsc


> @renderx-plugins/canvas@0.1.0-rc.4 build
> tsup src/index.ts --format esm --out-dir dist --clean --external react,react-dom,@renderx-plugins/host-sdk,@renderx-plugins/manifest-tools

[34mCLI[39m Building entry: src/index.ts
[34mCLI[39m Using tsconfig: tsconfig.json
[34mCLI[39m tsup v8.5.0
[34mCLI[39m Target: es2020
[34mCLI[39m Cleaning output folder
[34mESM[39m Build start
[32mESM[39m [1mdist\index.css [22m[32m2.05 KB[39m
[32mESM[39m [1mdist\index.js  [22m[32m10.41 KB[39m
[32mESM[39m ΓÜí∩╕Å Build success in 112ms

> @renderx-plugins/canvas-component@1.0.11 build
> npm run lint && tsup src/index.ts src/symphonies/**/*.ts --splitting --format esm --out-dir dist --clean --external react,react-dom,@renderx-plugins/host-sdk,gif.js.optimized


> @renderx-plugins/canvas-component@1.0.11 lint
> eslint src/**/*.{ts,tsx,js,jsx} __tests__/**/*.{ts,tsx,js,jsx}


C:\source\repos\bpm\Internal\renderx-plugins-demo\packages\canvas-component\__tests__\advanced-line.viewbox.autosize.spec.ts
  17:10  warning  'makeCtx' is defined but never used. Allowed unused vars must match /^_/u  @typescript-eslint/no-unused-vars

C:\source\repos\bpm\Internal\renderx-plugins-demo\packages\canvas-component\__tests__\create.dom.spec.ts
  16:10  warning  'makeCtx' is defined but never used. Allowed unused vars must match /^_/u  @typescript-eslint/no-unused-vars

C:\source\repos\bpm\Internal\renderx-plugins-demo\packages\canvas-component\__tests__\create.from-import.spec.ts
  6:7  warning  'ctx' is assigned a value but never used. Allowed unused vars must match /^_/u  @typescript-eslint/no-unused-vars

C:\source\repos\bpm\Internal\renderx-plugins-demo\packages\canvas-component\__tests__\create.isolation.spec.ts
  81:7  warning  'ctx' is assigned a value but never used. Allowed unused vars must match /^_/u  @typescript-eslint/no-unused-vars

C:\source\repos\bpm\Internal\renderx-plugins-demo\packages\canvas-component\__tests__\create.react.integration.spec.ts
  76:7  warning  'ctx' is assigned a value but never used. Allowed unused vars must match /^_/u  @typescript-eslint/no-unused-vars

C:\source\repos\bpm\Internal\renderx-plugins-demo\packages\canvas-component\__tests__\create.react.spec.ts
  68:7  warning  'ctx' is assigned a value but never used. Allowed unused vars must match /^_/u  @typescript-eslint/no-unused-vars

C:\source\repos\bpm\Internal\renderx-plugins-demo\packages\canvas-component\__tests__\create.svg.basic.spec.ts
  18:10  warning  'makeCtx' is defined but never used. Allowed unused vars must match /^_/u  @typescript-eslint/no-unused-vars

C:\source\repos\bpm\Internal\renderx-plugins-demo\packages\canvas-component\__tests__\delete.spec.ts
  40:7  warning  'ctx' is assigned a value but never used. Allowed unused vars must match /^_/u  @typescript-eslint/no-unused-vars

C:\source\repos\bpm\Internal\renderx-plugins-demo\packages\canvas-component\__tests__\deselection.spec.ts
  35:7  warning  'ctx' is assigned a value but never used. Allowed unused vars must match /^_/u  @typescript-eslint/no-unused-vars

C:\source\repos\bpm\Internal\renderx-plugins-demo\packages\canvas-component\__tests__\drag.dom.spec.ts
  10:7  warning  'ctx' is assigned a value but never used. Allowed unused vars must match /^_/u  @typescript-eslint/no-unused-vars

C:\source\repos\bpm\Internal\renderx-plugins-demo\packages\canvas-component\__tests__\drag.stage-crew.handlers.spec.ts
  7:7  warning  'ctx' is assigned a value but never used. Allowed unused vars must match /^_/u  @typescript-eslint/no-unused-vars

C:\source\repos\bpm\Internal\renderx-plugins-demo\packages\canvas-component\__tests__\drag.transform.spec.ts
  23:7  warning  'ctx' is assigned a value but never used. Allowed unused vars must match /^_/u  @typescript-eslint/no-unused-vars

C:\source\repos\bpm\Internal\renderx-plugins-demo\packages\canvas-component\__tests__\export-import.content.spec.ts
  108:7  warning  'ctx' is assigned a value but never used. Allowed unused vars must match /^_/u  @typescript-eslint/no-unused-vars

C:\source\repos\bpm\Internal\renderx-plugins-demo\packages\canvas-component\__tests__\export.integration.basic.spec.ts
  56:7  warning  'ctx' is assigned a value but never used. Allowed unused vars must match /^_/u  @typescript-eslint/no-unused-vars

C:\source\repos\bpm\Internal\renderx-plugins-demo\packages\canvas-component\__tests__\export.integration.dom-errors.spec.ts
  23:7  warning  'ctx' is assigned a value but never used. Allowed unused vars must match /^_/u  @typescript-eslint/no-unused-vars

C:\source\repos\bpm\Internal\renderx-plugins-demo\packages\canvas-component\__tests__\export.integration.dom-scan.spec.ts
  20:7  warning  'ctx' is assigned a value but never used. Allowed unused vars must match /^_/u  @typescript-eslint/no-unused-vars

C:\source\repos\bpm\Internal\renderx-plugins-demo\packages\canvas-component\__tests__\export.integration.structure.spec.ts
  26:7  warning  'ctx' is assigned a value but never used. Allowed unused vars must match /^_/u  @typescript-eslint/no-unused-vars

C:\source\repos\bpm\Internal\renderx-plugins-demo\packages\canvas-component\__tests__\export.io.spec.ts
  56:7  warning  'ctx' is assigned a value but never used. Allowed unused vars must match /^_/u  @typescript-eslint/no-unused-vars

C:\source\repos\bpm\Internal\renderx-plugins-demo\packages\canvas-component\__tests__\export.pure.spec.ts
  41:7  warning  'ctx' is assigned a value but never used. Allowed unused vars must match /^_/u  @typescript-eslint/no-unused-vars

C:\source\repos\bpm\Internal\renderx-plugins-demo\packages\canvas-component\__tests__\export.stage-crew.spec.ts
  22:7  warning  'ctx' is assigned a value but never used. Allowed unused vars must match /^_/u  @typescript-eslint/no-unused-vars

C:\source\repos\bpm\Internal\renderx-plugins-demo\packages\canvas-component\__tests__\exports.spec.ts
  4:7  warning  'ctx' is assigned a value but never used. Allowed unused vars must match /^_/u  @typescript-eslint/no-unused-vars

C:\source\repos\bpm\Internal\renderx-plugins-demo\packages\canvas-component\__tests__\flags.rules.sanitize.spec.ts
  13:7  warning  'ctx' is assigned a value but never used. Allowed unused vars must match /^_/u  @typescript-eslint/no-unused-vars

C:\source\repos\bpm\Internal\renderx-plugins-demo\packages\canvas-component\__tests__\host.harness.click-select.spec.ts
  23:7  warning  'ctx' is assigned a value but never used. Allowed unused vars must match /^_/u  @typescript-eslint/no-unused-vars

C:\source\repos\bpm\Internal\renderx-plugins-demo\packages\canvas-component\__tests__\import.base-classes.spec.ts
  36:7  warning  'ctx' is assigned a value but never used. Allowed unused vars must match /^_/u  @typescript-eslint/no-unused-vars

C:\source\repos\bpm\Internal\renderx-plugins-demo\packages\canvas-component\__tests__\import.instance-class.spec.ts
  70:7  warning  'ctx' is assigned a value but never used. Allowed unused vars must match /^_/u  @typescript-eslint/no-unused-vars

C:\source\repos\bpm\Internal\renderx-plugins-demo\packages\canvas-component\__tests__\import.integration.spec.ts
  91:7  warning  'ctx' is assigned a value but never used. Allowed unused vars must match /^_/u  @typescript-eslint/no-unused-vars

C:\source\repos\bpm\Internal\renderx-plugins-demo\packages\canvas-component\__tests__\import.nesting.spec.ts
  62:7  warning  'ctx' is assigned a value but never used. Allowed unused vars must match /^_/u  @typescript-eslint/no-unused-vars

C:\source\repos\bpm\Internal\renderx-plugins-demo\packages\canvas-component\__tests__\import.selection.spec.ts
  64:7  warning  'ctx' is assigned a value but never used. Allowed unused vars must match /^_/u  @typescript-eslint/no-unused-vars

C:\source\repos\bpm\Internal\renderx-plugins-demo\packages\canvas-component\__tests__\import.variant-toggle.spec.ts
  49:7  warning  'ctx' is assigned a value but never used. Allowed unused vars must match /^_/u  @typescript-eslint/no-unused-vars

C:\source\repos\bpm\Internal\renderx-plugins-demo\packages\canvas-component\__tests__\line.svg.spec.ts
  18:10  warning  'makeCtx' is defined but never used. Allowed unused vars must match /^_/u  @typescript-eslint/no-unused-vars

C:\source\repos\bpm\Internal\renderx-plugins-demo\packages\canvas-component\__tests__\lint.guardrails.spec.ts
  8:7  warning  'ctx' is assigned a value but never used. Allowed unused vars must match /^_/u  @typescript-eslint/no-unused-vars

C:\source\repos\bpm\Internal\renderx-plugins-demo\packages\canvas-component\__tests__\manifest.runtime.entry.spec.ts
  7:7  warning  'ctx' is assigned a value but never used. Allowed unused vars must match /^_/u  @typescript-eslint/no-unused-vars

C:\source\repos\bpm\Internal\renderx-plugins-demo\packages\canvas-component\__tests__\package.register.spec.ts
  16:7  warning  'ctx' is assigned a value but never used. Allowed unused vars must match /^_/u  @typescript-eslint/no-unused-vars

C:\source\repos\bpm\Internal\renderx-plugins-demo\packages\canvas-component\__tests__\paste.stage-crew.handlers.spec.ts
  24:7  warning  'ctx' is assigned a value but never used. Allowed unused vars must match /^_/u  @typescript-eslint/no-unused-vars

C:\source\repos\bpm\Internal\renderx-plugins-demo\packages\canvas-component\__tests__\react-code-validator.spec.ts
  5:7  warning  'ctx' is assigned a value but never used. Allowed unused vars must match /^_/u  @typescript-eslint/no-unused-vars

C:\source\repos\bpm\Internal\renderx-plugins-demo\packages\canvas-component\__tests__\react-component-export-import.spec.ts
  7:7  warning  'ctx' is assigned a value but never used. Allowed unused vars must match /^_/u  @typescript-eslint/no-unused-vars

C:\source\repos\bpm\Internal\renderx-plugins-demo\packages\canvas-component\__tests__\react-component.spec.ts
  6:7  warning  'ctx' is assigned a value but never used. Allowed unused vars must match /^_/u  @typescript-eslint/no-unused-vars

C:\source\repos\bpm\Internal\renderx-plugins-demo\packages\canvas-component\__tests__\registerAllSequences.idempotency.spec.ts
  8:7  warning  'ctx' is assigned a value but never used. Allowed unused vars must match /^_/u  @typescript-eslint/no-unused-vars

C:\source\repos\bpm\Internal\renderx-plugins-demo\packages\canvas-component\__tests__\resize.line.stage-crew.handlers.spec.ts
  7:7  warning  'ctx' is assigned a value but never used. Allowed unused vars must match /^_/u  @typescript-eslint/no-unused-vars

C:\source\repos\bpm\Internal\renderx-plugins-demo\packages\canvas-component\__tests__\routing-declarations.spec.ts
  7:7  warning  'ctx' is assigned a value but never used. Allowed unused vars must match /^_/u  @typescript-eslint/no-unused-vars

C:\source\repos\bpm\Internal\renderx-plugins-demo\packages\canvas-component\__tests__\select.overlay-container.spec.ts
  7:7  warning  'ctx' is assigned a value but never used. Allowed unused vars must match /^_/u  @typescript-eslint/no-unused-vars

C:\source\repos\bpm\Internal\renderx-plugins-demo\packages\canvas-component\__tests__\selection-id-derivation.spec.ts
  16:7  warning  'ctx' is assigned a value but never used. Allowed unused vars must match /^_/u  @typescript-eslint/no-unused-vars

C:\source\repos\bpm\Internal\renderx-plugins-demo\packages\canvas-component\__tests__\selection-post-externalization.spec.ts
  16:7  warning  'ctx' is assigned a value but never used. Allowed unused vars must match /^_/u  @typescript-eslint/no-unused-vars

C:\source\repos\bpm\Internal\renderx-plugins-demo\packages\canvas-component\__tests__\selection-topic-first.spec.ts
  32:7  warning  'ctx' is assigned a value but never used. Allowed unused vars must match /^_/u  @typescript-eslint/no-unused-vars

C:\source\repos\bpm\Internal\renderx-plugins-demo\packages\canvas-component\__tests__\selection-topic-publishing.spec.ts
  27:7  warning  'ctx' is assigned a value but never used. Allowed unused vars must match /^_/u  @typescript-eslint/no-unused-vars

C:\source\repos\bpm\Internal\renderx-plugins-demo\packages\canvas-component\__tests__\selection.forwarding.spec.ts
  28:7  warning  'ctx' is assigned a value but never used. Allowed unused vars must match /^_/u  @typescript-eslint/no-unused-vars

C:\source\repos\bpm\Internal\renderx-plugins-demo\packages\canvas-component\__tests__\selection.loop-regression.spec.ts
  32:7  warning  'ctx' is assigned a value but never used. Allowed unused vars must match /^_/u  @typescript-eslint/no-unused-vars

C:\source\repos\bpm\Internal\renderx-plugins-demo\packages\canvas-component\__tests__\selection.overlay.advanced.handlers.spec.ts
  54:7  warning  'ctx' is assigned a value but never used. Allowed unused vars must match /^_/u  @typescript-eslint/no-unused-vars

C:\source\repos\bpm\Internal\renderx-plugins-demo\packages\canvas-component\__tests__\selection.overlay.line.handlers.spec.ts
  35:7  warning  'ctx' is assigned a value but never used. Allowed unused vars must match /^_/u  @typescript-eslint/no-unused-vars

C:\source\repos\bpm\Internal\renderx-plugins-demo\packages\canvas-component\__tests__\svg-node-click-select.spec.ts
  36:7  warning  'ctx' is assigned a value but never used. Allowed unused vars must match /^_/u  @typescript-eslint/no-unused-vars

C:\source\repos\bpm\Internal\renderx-plugins-demo\packages\canvas-component\__tests__\svg-node.update.spec.ts
  44:7  warning  'ctx' is assigned a value but never used. Allowed unused vars must match /^_/u  @typescript-eslint/no-unused-vars

Γ£û 51 problems (0 errors, 51 warnings)

[34mCLI[39m Building entry: src/index.ts, src/symphonies/_clipboard.ts, src/symphonies/augment/augment.line.stage-crew.ts, src/symphonies/augment/line.recompute.stage-crew.ts, src/symphonies/copy/copy.stage-crew.ts, src/symphonies/copy/copy.symphony.ts, src/symphonies/create/create.arrangement.ts, src/symphonies/create/create.css.stage-crew.ts, src/symphonies/create/create.dom.stage-crew.ts, src/symphonies/create/create.from-import.ts, src/symphonies/create/create.interactions.stage-crew.ts, src/symphonies/create/create.io.ts, src/symphonies/create/create.notify.ts, src/symphonies/create/create.react.stage-crew.ts, src/symphonies/create/create.stage-crew.ts, src/symphonies/create/create.style.stage-crew.ts, src/symphonies/create/create.symphony.ts, src/symphonies/create/react-code-validator.ts, src/symphonies/delete/delete.stage-crew.ts, src/symphonies/deselect/deselect.stage-crew.ts, src/symphonies/drag/drag.stage-crew.ts, src/symphonies/drag/drag.symphony.ts, src/symphonies/export/export.css.stage-crew.ts, src/symphonies/export/export.discover.stage-crew.ts, src/symphonies/export/export.download.stage-crew.ts, src/symphonies/export/export.gif.stage-crew.ts, src/symphonies/export/export.gif.symphony.ts, src/symphonies/export/export.io.ts, src/symphonies/export/export.mp4-encoder.ts, src/symphonies/export/export.mp4.stage-crew.ts, src/symphonies/export/export.mp4.symphony.ts, src/symphonies/export/export.pure.ts, src/symphonies/export/export.stage-crew.ts, src/symphonies/export/export.symphony.ts, src/symphonies/import/import.css.stage-crew.ts, src/symphonies/import/import.file.stage-crew.ts, src/symphonies/import/import.io.ts, src/symphonies/import/import.nodes.stage-crew.ts, src/symphonies/import/import.parse.pure.ts, src/symphonies/import/import.symphony.ts, src/symphonies/line-advanced/line.manip.end.symphony.ts, src/symphonies/line-advanced/line.manip.move.symphony.ts, src/symphonies/line-advanced/line.manip.stage-crew.ts, src/symphonies/line-advanced/line.manip.start.symphony.ts, src/symphonies/paste/paste.stage-crew.ts, src/symphonies/paste/paste.symphony.ts, src/symphonies/resize/resize.end.symphony.ts, src/symphonies/resize/resize.move.symphony.ts, src/symphonies/resize/resize.stage-crew.ts, src/symphonies/resize/resize.start.symphony.ts, src/symphonies/resize/resize.symphony.ts, src/symphonies/resize-line/resize.line.end.symphony.ts, src/symphonies/resize-line/resize.line.move.symphony.ts, src/symphonies/resize-line/resize.line.stage-crew.ts, src/symphonies/resize-line/resize.line.start.symphony.ts, src/symphonies/select/select.overlay.css.stage-crew.ts, src/symphonies/select/select.overlay.dom.stage-crew.ts, src/symphonies/select/select.overlay.helpers.spec.ts, src/symphonies/select/select.overlay.helpers.ts, src/symphonies/select/select.overlay.line-advanced.stage-crew.ts, src/symphonies/select/select.overlay.line-resize.stage-crew.ts, src/symphonies/select/select.overlay.resize.stage-crew.ts, src/symphonies/select/select.stage-crew.ts, src/symphonies/select/select.svg-node.stage-crew.ts, src/symphonies/select/select.svg-node.symphony.ts, src/symphonies/select/select.symphony.ts, src/symphonies/update/update.stage-crew.ts, src/symphonies/update/update.svg-node.stage-crew.ts, src/symphonies/update/update.svg-node.symphony.ts, src/symphonies/update/update.symphony.ts
[34mCLI[39m Using tsconfig: tsconfig.json
[34mCLI[39m tsup v8.5.0
[34mCLI[39m Target: es2020
[34mCLI[39m Cleaning output folder
[34mESM[39m Build start
[32mESM[39m [1mdist\symphonies\select\select.overlay.helpers.spec.js             [22m[32m0 B[39m
[32mESM[39m [1mdist\symphonies\select\select.svg-node.symphony.js                [22m[32m179.00 B[39m
[32mESM[39m [1mdist\symphonies\update\update.stage-crew.js                       [22m[32m205.00 B[39m
[32mESM[39m [1mdist\symphonies\update\update.svg-node.stage-crew.js              [22m[32m185.00 B[39m
[32mESM[39m [1mdist\symphonies\update\update.svg-node.symphony.js                [22m[32m266.00 B[39m
[32mESM[39m [1mdist\symphonies\update\update.symphony.js                         [22m[32m102.00 B[39m
[32mESM[39m [1mdist\symphonies\select\select.symphony.js                         [22m[32m315.00 B[39m
[32mESM[39m [1mdist\symphonies\select\select.overlay.dom.stage-crew.js           [22m[32m279.00 B[39m
[32mESM[39m [1mdist\symphonies\select\select.overlay.line-advanced.stage-crew.js [22m[32m357.00 B[39m
[32mESM[39m [1mdist\symphonies\select\select.overlay.helpers.js                  [22m[32m225.00 B[39m
[32mESM[39m [1mdist\symphonies\resize\resize.stage-crew.js                       [22m[32m263.00 B[39m
[32mESM[39m [1mdist\symphonies\select\select.overlay.resize.stage-crew.js        [22m[32m203.00 B[39m
[32mESM[39m [1mdist\symphonies\resize\resize.start.symphony.js                   [22m[32m265.00 B[39m
[32mESM[39m [1mdist\symphonies\select\select.overlay.line-resize.stage-crew.js   [22m[32m5.34 KB[39m
[32mESM[39m [1mdist\symphonies\resize\resize.symphony.js                         [22m[32m309.00 B[39m
[32mESM[39m [1mdist\symphonies\select\select.stage-crew.js                       [22m[32m539.00 B[39m
[32mESM[39m [1mdist\symphonies\select\select.svg-node.stage-crew.js              [22m[32m223.00 B[39m
[32mESM[39m [1mdist\symphonies\resize-line\resize.line.end.symphony.js           [22m[32m209.00 B[39m
[32mESM[39m [1mdist\symphonies\resize-line\resize.line.stage-crew.js             [22m[32m211.00 B[39m
[32mESM[39m [1mdist\symphonies\resize-line\resize.line.move.symphony.js          [22m[32m204.00 B[39m
[32mESM[39m [1mdist\symphonies\line-advanced\line.manip.end.symphony.js          [22m[32m242.00 B[39m
[32mESM[39m [1mdist\symphonies\resize-line\resize.line.start.symphony.js         [22m[32m215.00 B[39m
[32mESM[39m [1mdist\symphonies\select\select.overlay.css.stage-crew.js           [22m[32m127.00 B[39m
[32mESM[39m [1mdist\symphonies\paste\paste.stage-crew.js                         [22m[32m425.00 B[39m
[32mESM[39m [1mdist\symphonies\line-advanced\line.manip.move.symphony.js         [22m[32m245.00 B[39m
[32mESM[39m [1mdist\symphonies\line-advanced\line.manip.stage-crew.js            [22m[32m223.00 B[39m
[32mESM[39m [1mdist\symphonies\resize\resize.end.symphony.js                     [22m[32m259.00 B[39m
[32mESM[39m [1mdist\symphonies\paste\paste.symphony.js                           [22m[32m179.00 B[39m
[32mESM[39m [1mdist\symphonies\export\export.stage-crew.js                       [22m[32m163.00 B[39m
[32mESM[39m [1mdist\symphonies\resize\resize.move.symphony.js                    [22m[32m352.00 B[39m
[32mESM[39m [1mdist\symphonies\line-advanced\line.manip.start.symphony.js        [22m[32m248.00 B[39m
[32mESM[39m [1mdist\symphonies\import\import.css.stage-crew.js                   [22m[32m161.00 B[39m
[32mESM[39m [1mdist\symphonies\export\export.symphony.js                         [22m[32m489.00 B[39m
[32mESM[39m [1mdist\symphonies\import\import.file.stage-crew.js                  [22m[32m115.00 B[39m
[32mESM[39m [1mdist\symphonies\import\import.nodes.stage-crew.js                 [22m[32m237.00 B[39m
[32mESM[39m [1mdist\symphonies\import\import.parse.pure.js                       [22m[32m117.00 B[39m
[32mESM[39m [1mdist\symphonies\import\import.io.js                               [22m[32m555.00 B[39m
[32mESM[39m [1mdist\symphonies\import\import.symphony.js                         [22m[32m571.00 B[39m
[32mESM[39m [1mdist\symphonies\export\export.download.stage-crew.js              [22m[32m123.00 B[39m
[32mESM[39m [1mdist\symphonies\export\export.io.js                               [22m[32m131.00 B[39m
[32mESM[39m [1mdist\symphonies\export\export.gif.stage-crew.js                   [22m[32m123.00 B[39m
[32mESM[39m [1mdist\symphonies\export\export.gif.symphony.js                     [22m[32m201.00 B[39m
[32mESM[39m [1mdist\symphonies\export\export.mp4.stage-crew.js                   [22m[32m157.00 B[39m
[32mESM[39m [1mdist\symphonies\create\create.symphony.js                         [22m[32m723.00 B[39m
[32mESM[39m [1mdist\symphonies\export\export.mp4.symphony.js                     [22m[32m235.00 B[39m
[32mESM[39m [1mdist\symphonies\export\export.mp4-encoder.js                      [22m[32m227.00 B[39m
[32mESM[39m [1mdist\symphonies\create\react-code-validator.js                    [22m[32m185.00 B[39m
[32mESM[39m [1mdist\symphonies\delete\delete.stage-crew.js                       [22m[32m229.00 B[39m
[32mESM[39m [1mdist\symphonies\deselect\deselect.stage-crew.js                   [22m[32m403.00 B[39m
[32mESM[39m [1mdist\symphonies\export\export.discover.stage-crew.js              [22m[32m145.00 B[39m
[32mESM[39m [1mdist\symphonies\export\export.pure.js                             [22m[32m131.00 B[39m
[32mESM[39m [1mdist\symphonies\drag\drag.stage-crew.js                           [22m[32m245.00 B[39m
[32mESM[39m [1mdist\symphonies\export\export.css.stage-crew.js                   [22m[32m129.00 B[39m
[32mESM[39m [1mdist\symphonies\drag\drag.symphony.js                             [22m[32m111.00 B[39m
[32mESM[39m [1mdist\symphonies\create\create.interactions.stage-crew.js          [22m[32m435.00 B[39m
[32mESM[39m [1mdist\index.js                                                     [22m[32m4.16 KB[39m
[32mESM[39m [1mdist\symphonies\create\create.io.js                               [22m[32m127.00 B[39m
[32mESM[39m [1mdist\symphonies\create\create.from-import.js                      [22m[32m407.00 B[39m
[32mESM[39m [1mdist\symphonies\create\create.dom.stage-crew.js                   [22m[32m269.00 B[39m
[32mESM[39m [1mdist\chunk-NNTPQ6TE.js                                            [22m[32m2.74 KB[39m
[32mESM[39m [1mdist\symphonies\create\create.notify.js                           [22m[32m111.00 B[39m
[32mESM[39m [1mdist\symphonies\create\create.react.stage-crew.js                 [22m[32m247.00 B[39m
[32mESM[39m [1mdist\symphonies\create\create.stage-crew.js                       [22m[32m751.00 B[39m
[32mESM[39m [1mdist\symphonies\create\create.style.stage-crew.js                 [22m[32m223.00 B[39m
[32mESM[39m [1mdist\chunk-BKKYRVSK.js                                            [22m[32m1.92 KB[39m
[32mESM[39m [1mdist\chunk-F7PF3RCS.js                                            [22m[32m2.17 KB[39m
[32mESM[39m [1mdist\chunk-3Z6UI4ZK.js                                            [22m[32m4.19 KB[39m
[32mESM[39m [1mdist\chunk-BPT77THN.js                                            [22m[32m1.47 KB[39m
[32mESM[39m [1mdist\chunk-3MPPHKZ6.js                                            [22m[32m9.22 KB[39m
[32mESM[39m [1mdist\chunk-SUHOLEV6.js                                            [22m[32m4.61 KB[39m
[32mESM[39m [1mdist\chunk-Q6GBDVPB.js                                            [22m[32m5.64 KB[39m
[32mESM[39m [1mdist\chunk-TJBPGTAU.js                                            [22m[32m1.34 KB[39m
[32mESM[39m [1mdist\chunk-6MBOOCGW.js                                            [22m[32m529.00 B[39m
[32mESM[39m [1mdist\chunk-L2TJ5L6F.js                                            [22m[32m2.37 KB[39m
[32mESM[39m [1mdist\chunk-3BORNP5C.js                                            [22m[32m1.90 KB[39m
[32mESM[39m [1mdist\chunk-WKSSZLG4.js                                            [22m[32m1.00 KB[39m
[32mESM[39m [1mdist\chunk-WV5QLGSK.js                                            [22m[32m10.63 KB[39m
[32mESM[39m [1mdist\chunk-U6ZROUGK.js                                            [22m[32m2.59 KB[39m
[32mESM[39m [1mdist\chunk-FHUWA6JJ.js                                            [22m[32m9.00 KB[39m
[32mESM[39m [1mdist\chunk-GO56CEXC.js                                            [22m[32m771.00 B[39m
[32mESM[39m [1mdist\chunk-3AAHCSEF.js                                            [22m[32m1.25 KB[39m
[32mESM[39m [1mdist\chunk-GRJOWMPS.js                                            [22m[32m1.97 KB[39m
[32mESM[39m [1mdist\chunk-TONWIWKX.js                                            [22m[32m2.41 KB[39m
[32mESM[39m [1mdist\chunk-JRMLOXHW.js                                            [22m[32m3.50 KB[39m
[32mESM[39m [1mdist\chunk-AWSAHMWF.js                                            [22m[32m2.34 KB[39m
[32mESM[39m [1mdist\chunk-RW4TJOJ3.js                                            [22m[32m6.28 KB[39m
[32mESM[39m [1mdist\chunk-3HJDX53J.js                                            [22m[32m19.68 KB[39m
[32mESM[39m [1mdist\chunk-44UMOQ2L.js                                            [22m[32m4.05 KB[39m
[32mESM[39m [1mdist\chunk-S2WSID3U.js                                            [22m[32m846.00 B[39m
[32mESM[39m [1mdist\chunk-7ZV2JUL3.js                                            [22m[32m1.50 KB[39m
[32mESM[39m [1mdist\chunk-FXFSMWS5.js                                            [22m[32m4.04 KB[39m
[32mESM[39m [1mdist\chunk-QQZBPYZV.js                                            [22m[32m5.26 KB[39m
[32mESM[39m [1mdist\chunk-ETZF4BMT.js                                            [22m[32m3.70 KB[39m
[32mESM[39m [1mdist\chunk-LZSUVPBT.js                                            [22m[32m5.79 KB[39m
[32mESM[39m [1mdist\symphonies\_clipboard.js                                     [22m[32m161.00 B[39m
[32mESM[39m [1mdist\chunk-CFMFYRBD.js                                            [22m[32m2.20 KB[39m
[32mESM[39m [1mdist\chunk-BPL3YSH5.js                                            [22m[32m4.66 KB[39m
[32mESM[39m [1mdist\chunk-XIC7LPP3.js                                            [22m[32m1.60 KB[39m
[32mESM[39m [1mdist\chunk-TLV37TPW.js                                            [22m[32m564.00 B[39m
[32mESM[39m [1mdist\chunk-OJ3EJIRD.js                                            [22m[32m509.00 B[39m
[32mESM[39m [1mdist\symphonies\augment\augment.line.stage-crew.js                [22m[32m117.00 B[39m
[32mESM[39m [1mdist\chunk-O2BUKHWU.js                                            [22m[32m10.45 KB[39m
[32mESM[39m [1mdist\chunk-3W6ILEZH.js                                            [22m[32m2.97 KB[39m
[32mESM[39m [1mdist\chunk-VOSJYEBL.js                                            [22m[32m1.61 KB[39m
[32mESM[39m [1mdist\chunk-6UFYDSTQ.js                                            [22m[32m1.30 KB[39m
[32mESM[39m [1mdist\symphonies\augment\line.recompute.stage-crew.js              [22m[32m127.00 B[39m
[32mESM[39m [1mdist\chunk-7Q2UN6WM.js                                            [22m[32m5.72 KB[39m
[32mESM[39m [1mdist\symphonies\copy\copy.stage-crew.js                           [22m[32m287.00 B[39m
[32mESM[39m [1mdist\chunk-MZU2K34B.js                                            [22m[32m2.50 KB[39m
[32mESM[39m [1mdist\symphonies\copy\copy.symphony.js                             [22m[32m145.00 B[39m
[32mESM[39m [1mdist\chunk-IMARVKGV.js                                            [22m[32m952.00 B[39m
[32mESM[39m [1mdist\symphonies\create\create.arrangement.js                      [22m[32m125.00 B[39m
[32mESM[39m [1mdist\symphonies\create\create.css.stage-crew.js                   [22m[32m161.00 B[39m
[32mESM[39m [1mdist\chunk-KKLHUGQS.js                                            [22m[32m716.00 B[39m
[32mESM[39m [1mdist\chunk-D27NSY3U.js                                            [22m[32m467.00 B[39m
[32mESM[39m [1mdist\chunk-3RG5ZIWI.js                                            [22m[32m390.00 B[39m
[32mESM[39m ΓÜí∩╕Å Build success in 213ms

> @renderx-plugins/control-panel@0.1.0-rc.9 build
> tsup --config tsup.config.ts

[34mCLI[39m Building entry: src/index.ts, src/state/observer.store.ts, src/symphonies/classes/classes.stage-crew.ts, src/symphonies/classes/classes.symphony.ts, src/symphonies/css-management/css-management.stage-crew.ts, src/symphonies/css-management/css-management.symphony.ts, src/symphonies/selection/selection.stage-crew.ts, src/symphonies/selection/selection.symphony.ts, src/symphonies/update/update.stage-crew.ts, src/symphonies/update/update.symphony.ts, src/symphonies/ui/ui.stage-crew.ts, src/symphonies/ui/ui.symphony.ts
[34mCLI[39m Using tsconfig: tsconfig.json
[34mCLI[39m tsup v8.5.0
[34mCLI[39m Using tsup config: C:\source\repos\bpm\Internal\renderx-plugins-demo\packages\control-panel\tsup.config.ts
[34mCLI[39m Target: es2022
[34mCLI[39m Cleaning output folder
[34mESM[39m Build start
[32mESM[39m [1mdist\symphonies\update\update.stage-crew.js                     [22m[32m174.00 B[39m
[32mESM[39m [1mdist\symphonies\ui\ui.stage-crew.js                             [22m[32m674.00 B[39m
[32mESM[39m [1mdist\chunk-YVTGUHZ5.js                                          [22m[32m10.77 KB[39m
[32mESM[39m [1mdist\symphonies\update\update.symphony.js                       [22m[32m2.15 KB[39m
[32mESM[39m [1mdist\chunk-QVK5N3FB.js                                          [22m[32m3.30 KB[39m
[32mESM[39m [1mdist\symphonies\ui\ui.symphony.js                               [22m[32m880.00 B[39m
[32mESM[39m [1mdist\symphonies\classes\classes.stage-crew.js                   [22m[32m153.00 B[39m
[32mESM[39m [1mdist\index.js                                                   [22m[32m64.99 KB[39m
[32mESM[39m [1mdist\chunk-4DHDUNLX.js                                          [22m[32m14.23 KB[39m
[32mESM[39m [1mdist\symphonies\css-management\css-management.stage-crew.js     [22m[32m458.00 B[39m
[32mESM[39m [1mdist\symphonies\classes\classes.symphony.js                     [22m[32m859.00 B[39m
[32mESM[39m [1mdist\chunk-GDII2WKY.js                                          [22m[32m7.33 KB[39m
[32mESM[39m [1mdist\chunk-3IZ3ZKPO.js                                          [22m[32m823.00 B[39m
[32mESM[39m [1mdist\symphonies\selection\selection.stage-crew.js               [22m[32m183.00 B[39m
[32mESM[39m [1mdist\symphonies\css-management\css-management.symphony.js       [22m[32m1.20 KB[39m
[32mESM[39m [1mdist\chunk-RBWFAUMD.js                                          [22m[32m4.34 KB[39m
[32mESM[39m [1mdist\symphonies\selection\selection.symphony.js                 [22m[32m1.63 KB[39m
[32mESM[39m [1mdist\state\observer.store.js                                    [22m[32m422.00 B[39m
[32mESM[39m [1mdist\chunk-NUIKM26P.js                                          [22m[32m1.35 KB[39m
[32mESM[39m [1mdist\chunk-IXZ7ZAY3.js                                          [22m[32m2.08 KB[39m
[32mESM[39m [1mdist\chunk-IJMTATCY.js                                          [22m[32m3.83 KB[39m
[32mESM[39m [1mdist\index.css                                                  [22m[32m13.45 KB[39m
[32mESM[39m [1mdist\symphonies\update\update.stage-crew.js.map                 [22m[32m71.00 B[39m
[32mESM[39m [1mdist\symphonies\update\update.symphony.js.map                   [22m[32m4.40 KB[39m
[32mESM[39m [1mdist\symphonies\ui\ui.stage-crew.js.map                         [22m[32m71.00 B[39m
[32mESM[39m [1mdist\chunk-YVTGUHZ5.js.map                                      [22m[32m22.90 KB[39m
[32mESM[39m [1mdist\symphonies\classes\classes.stage-crew.js.map               [22m[32m71.00 B[39m
[32mESM[39m [1mdist\chunk-QVK5N3FB.js.map                                      [22m[32m7.25 KB[39m
[32mESM[39m [1mdist\symphonies\ui\ui.symphony.js.map                           [22m[32m1.34 KB[39m
[32mESM[39m [1mdist\symphonies\css-management\css-management.stage-crew.js.map [22m[32m71.00 B[39m
[32mESM[39m [1mdist\chunk-4DHDUNLX.js.map                                      [22m[32m28.55 KB[39m
[32mESM[39m [1mdist\index.js.map                                               [22m[32m122.91 KB[39m
[32mESM[39m [1mdist\symphonies\classes\classes.symphony.js.map                 [22m[32m1.54 KB[39m
[32mESM[39m [1mdist\symphonies\css-management\css-management.symphony.js.map   [22m[32m1.99 KB[39m
[32mESM[39m [1mdist\chunk-GDII2WKY.js.map                                      [22m[32m12.90 KB[39m
[32mESM[39m [1mdist\symphonies\selection\selection.symphony.js.map             [22m[32m2.73 KB[39m
[32mESM[39m [1mdist\chunk-3IZ3ZKPO.js.map                                      [22m[32m1.74 KB[39m
[32mESM[39m [1mdist\state\observer.store.js.map                                [22m[32m71.00 B[39m
[32mESM[39m [1mdist\symphonies\selection\selection.stage-crew.js.map           [22m[32m71.00 B[39m
[32mESM[39m [1mdist\chunk-NUIKM26P.js.map                                      [22m[32m2.93 KB[39m
[32mESM[39m [1mdist\chunk-RBWFAUMD.js.map                                      [22m[32m9.61 KB[39m
[32mESM[39m [1mdist\chunk-IJMTATCY.js.map                                      [22m[32m7.68 KB[39m
[32mESM[39m [1mdist\chunk-IXZ7ZAY3.js.map                                      [22m[32m4.44 KB[39m
[32mESM[39m [1mdist\index.css.map                                              [22m[32m24.96 KB[39m
[32mESM[39m ΓÜí∩╕Å Build success in 173ms
Γ£à Plugin manifest created at dist/plugin-manifest.json
[34mDTS[39m Build start
[32mDTS[39m ΓÜí∩╕Å Build success in 17495ms
[32mDTS[39m [1mdist\index.d.ts                                               [22m[32m218.00 B[39m
[32mDTS[39m [1mdist\state\observer.store.d.ts                                [22m[32m807.00 B[39m
[32mDTS[39m [1mdist\symphonies\classes\classes.symphony.d.ts                 [22m[32m226.00 B[39m
[32mDTS[39m [1mdist\symphonies\classes\classes.stage-crew.d.ts               [22m[32m146.00 B[39m
[32mDTS[39m [1mdist\symphonies\css-management\css-management.symphony.d.ts   [22m[32m603.00 B[39m
[32mDTS[39m [1mdist\symphonies\css-management\css-management.stage-crew.d.ts [22m[32m576.00 B[39m
[32mDTS[39m [1mdist\symphonies\selection\selection.symphony.d.ts             [22m[32m215.00 B[39m
[32mDTS[39m [1mdist\symphonies\selection\selection.stage-crew.d.ts           [22m[32m100.00 B[39m
[32mDTS[39m [1mdist\symphonies\update\update.symphony.d.ts                   [22m[32m202.00 B[39m
[32mDTS[39m [1mdist\symphonies\update\update.stage-crew.d.ts                 [22m[32m94.00 B[39m
[32mDTS[39m [1mdist\symphonies\ui\ui.symphony.d.ts                           [22m[32m993.00 B[39m
[32mDTS[39m [1mdist\symphonies\ui\ui.stage-crew.d.ts                         [22m[32m1.23 KB[39m

> @renderx-plugins/header@1.0.1 build
> tsup src/index.ts src/symphonies/ui/ui.symphony.ts src/symphonies/ui/ui.stage-crew.ts --format esm --sourcemap --injectStyle --external react,react-dom,@renderx-plugins/host-sdk --out-dir dist && node ./scripts/copy-css.cjs

[34mCLI[39m Building entry: src/index.ts, src/symphonies/ui/ui.stage-crew.ts, src/symphonies/ui/ui.symphony.ts
[34mCLI[39m Using tsconfig: tsconfig.json
[34mCLI[39m tsup v8.5.0
[34mCLI[39m Target: es2022
[34mESM[39m Build start
[32mESM[39m [1mdist\symphonies\ui\ui.symphony.js          [22m[32m150.00 B[39m
[32mESM[39m [1mdist\index.js                              [22m[32m3.96 KB[39m
[32mESM[39m [1mdist\symphonies\ui\ui.stage-crew.js        [22m[32m162.00 B[39m
[32mESM[39m [1mdist\chunk-OAOBJ7HD.js                     [22m[32m2.77 KB[39m
[32mESM[39m [1mdist\chunk-CD7M4KVL.js                     [22m[32m386.00 B[39m
[32mESM[39m [1mdist\chunk-BFJB7TWF.js                     [22m[32m2.07 KB[39m
[32mESM[39m [1mdist\Header-A6BR6KQZ.js                    [22m[32m73.00 B[39m
[32mESM[39m [1mdist\HeaderThemeButtonView-JFN6IQZJ.js     [22m[32m611.00 B[39m
[32mESM[39m [1mdist\symphonies\ui\ui.symphony.js.map      [22m[32m71.00 B[39m
[32mESM[39m [1mdist\symphonies\ui\ui.stage-crew.js.map    [22m[32m71.00 B[39m
[32mESM[39m [1mdist\index.js.map                          [22m[32m7.50 KB[39m
[32mESM[39m [1mdist\chunk-OAOBJ7HD.js.map                 [22m[32m3.67 KB[39m
[32mESM[39m [1mdist\chunk-CD7M4KVL.js.map                 [22m[32m835.00 B[39m
[32mESM[39m [1mdist\chunk-BFJB7TWF.js.map                 [22m[32m4.79 KB[39m
[32mESM[39m [1mdist\Header-A6BR6KQZ.js.map                [22m[32m71.00 B[39m
[32mESM[39m [1mdist\HeaderThemeButtonView-JFN6IQZJ.js.map [22m[32m953.00 B[39m
[32mESM[39m ΓÜí∩╕Å Build success in 134ms
[copy-css] copied C:\source\repos\bpm\Internal\renderx-plugins-demo\packages\header\src\ui\Header.css -> C:\source\repos\bpm\Internal\renderx-plugins-demo\packages\header\dist\ui\Header.css

> @renderx-plugins/library@1.0.6 build
> tsup src/index.ts src/ui/LibraryPanel.tsx src/ui/LibraryPreview.tsx src/symphonies/load.symphony.ts --format esm --sourcemap --injectStyle --external react,react-dom,@renderx-plugins/host-sdk --define.IS_LIB_BUILD_FLAG=true --out-dir dist

[34mCLI[39m Building entry: src/index.ts, src/symphonies/load.symphony.ts, src/ui/LibraryPanel.tsx, src/ui/LibraryPreview.tsx
[34mCLI[39m Using tsconfig: tsconfig.json
[34mCLI[39m tsup v8.5.0
[34mCLI[39m Target: es2022
[34mESM[39m Build start
[32mESM[39m [1mdist\symphonies\load.symphony.js     [22m[32m146.00 B[39m
[32mESM[39m [1mdist\index.js                        [22m[32m23.28 KB[39m
[32mESM[39m [1mdist\ui\LibraryPanel.js              [22m[32m240.00 B[39m
[32mESM[39m [1mdist\ui\LibraryPreview.js            [22m[32m128.00 B[39m
[32mESM[39m [1mdist\chunk-HVU36LLO.js               [22m[32m2.30 KB[39m
[32mESM[39m [1mdist\chunk-5IH2DY3H.js               [22m[32m80.73 KB[39m
[32mESM[39m [1mdist\chunk-VI4VJHI5.js               [22m[32m3.71 KB[39m
[32mESM[39m [1mdist\chunk-KIK7GFHG.js               [22m[32m13.15 KB[39m
[32mESM[39m [1mdist\index.js.map                    [22m[32m38.50 KB[39m
[32mESM[39m [1mdist\symphonies\load.symphony.js.map [22m[32m71.00 B[39m
[32mESM[39m [1mdist\ui\LibraryPanel.js.map          [22m[32m71.00 B[39m
[32mESM[39m [1mdist\chunk-HVU36LLO.js.map           [22m[32m4.62 KB[39m
[32mESM[39m [1mdist\ui\LibraryPreview.js.map        [22m[32m71.00 B[39m
[32mESM[39m [1mdist\chunk-5IH2DY3H.js.map           [22m[32m142.44 KB[39m
[32mESM[39m [1mdist\chunk-VI4VJHI5.js.map           [22m[32m8.61 KB[39m
[32mESM[39m [1mdist\chunk-KIK7GFHG.js.map           [22m[32m19.36 KB[39m
[32mESM[39m ΓÜí∩╕Å Build success in 108ms

> @renderx-plugins/library-component@1.0.5 build
> tsup --config tsup.config.ts

[34mCLI[39m Building entry: src/index.ts
[34mCLI[39m Using tsconfig: tsconfig.json
[34mCLI[39m tsup v8.5.0
[34mCLI[39m Using tsup config: C:\source\repos\bpm\Internal\renderx-plugins-demo\packages\library-component\tsup.config.ts
[34mCLI[39m Target: es2020
[34mCLI[39m Cleaning output folder
[34mESM[39m Build start
[32mESM[39m [1mdist\index.js     [22m[32m8.38 KB[39m
[32mESM[39m [1mdist\index.js.map [22m[32m17.57 KB[39m
[32mESM[39m ΓÜí∩╕Å Build success in 23ms
[34mDTS[39m Build start
[32mDTS[39m ΓÜí∩╕Å Build success in 2853ms
[32mDTS[39m [1mdist\index.d.ts [22m[32m279.00 B[39m

> @renderx-plugins/real-estate-analyzer@1.0.0 build
> tsup src/index.ts src/ui/OpportunityAnalyzer.tsx src/symphonies/search.symphony.ts src/symphonies/analyze.symphony.ts --format esm --sourcemap --injectStyle --external react,react-dom,@renderx-plugins/host-sdk --define.IS_LIB_BUILD_FLAG=true --out-dir dist

[34mCLI[39m Building entry: src/index.ts, src/ui/OpportunityAnalyzer.tsx
[34mCLI[39m Using tsconfig: tsconfig.json
[34mCLI[39m tsup v8.5.0
[34mCLI[39m Target: es2020
[34mESM[39m Build start
[32mESM[39m [1mdist\index.js                      [22m[32m7.54 KB[39m
[32mESM[39m [1mdist\ui\OpportunityAnalyzer.js     [22m[32m143.00 B[39m
[32mESM[39m [1mdist\chunk-RNMMKLXY.js             [22m[32m8.71 KB[39m
[32mESM[39m [1mdist\ui\OpportunityAnalyzer.js.map [22m[32m71.00 B[39m
[32mESM[39m [1mdist\index.js.map                  [22m[32m16.73 KB[39m
[32mESM[39m [1mdist\chunk-RNMMKLXY.js.map         [22m[32m11.59 KB[39m
[32mESM[39m ΓÜí∩╕Å Build success in 124ms

> @renderx-plugins/self-healing@0.1.0-alpha.1 build
> tsc && tsup src/index.ts --format esm

[34mCLI[39m Building entry: src/index.ts
[34mCLI[39m Using tsconfig: tsconfig.json
[34mCLI[39m tsup v8.5.0
[34mCLI[39m Target: es2020
[34mESM[39m Build start
[32mESM[39m [1mdist\index.js [22m[32m76.28 KB[39m
[32mESM[39m ΓÜí∩╕Å Build success in 107ms

> @slo-shape/dashboard@1.0.0 build
> npm run verify:markdown-governance && tsc && tsup src/index.ts src/ui/SLODashboardPage.tsx src/hooks/useErrorBudget.ts --format esm --sourcemap --injectStyle --external react,react-dom,@renderx-plugins/host-sdk --out-dir dist


> @slo-shape/dashboard@1.0.0 verify:markdown-governance
> node scripts/verify-markdown-governance.js


≡ƒöì Markdown Governance Verification
ΓòÉΓòÉΓòÉΓòÉΓòÉΓòÉΓòÉΓòÉΓòÉΓòÉΓòÉΓòÉΓòÉΓòÉΓòÉΓòÉΓòÉΓòÉΓòÉΓòÉΓòÉΓòÉΓòÉΓòÉΓòÉΓòÉΓòÉΓòÉΓòÉΓòÉΓòÉΓòÉΓòÉΓòÉΓòÉΓòÉΓòÉΓòÉΓòÉΓòÉΓòÉΓòÉΓòÉΓòÉΓòÉΓòÉΓòÉΓòÉΓòÉΓòÉΓòÉΓòÉΓòÉΓòÉΓòÉΓòÉΓòÉΓòÉΓòÉΓòÉ
Policy: JSON-Driven Automation
Rule: All .md files in .generated/ must be auto-generated

≡ƒôï Scanning .generated/ directory...

Γ£à CONTEXT_TREE_AUDIT_SESSION.md - Auto-generated (compliant)
Γ£à MASTER_INDEX.md - Auto-generated (compliant)
Γ£à NEXT_SESSION_HANDOFF.md - Auto-generated (compliant)
Γ£à README.md - Auto-generated (compliant)
Γ£à SESSION_SUMMARY.md - Auto-generated (compliant)

ΓòÉΓòÉΓòÉΓòÉΓòÉΓòÉΓòÉΓòÉΓòÉΓòÉΓòÉΓòÉΓòÉΓòÉΓòÉΓòÉΓòÉΓòÉΓòÉΓòÉΓòÉΓòÉΓòÉΓòÉΓòÉΓòÉΓòÉΓòÉΓòÉΓòÉΓòÉΓòÉΓòÉΓòÉΓòÉΓòÉΓòÉΓòÉΓòÉΓòÉΓòÉΓòÉΓòÉΓòÉΓòÉΓòÉΓòÉΓòÉΓòÉΓòÉΓòÉΓòÉΓòÉΓòÉΓòÉΓòÉΓòÉΓòÉΓòÉΓòÉ

≡ƒôè Verification Results:
   Γ£à Compliant: 5
   Γ¥î Violations: 0

Γ£à ALL MARKDOWN FILES COMPLY WITH GOVERNANCE POLICY

[34mCLI[39m Building entry: src/index.ts, src/hooks/useErrorBudget.ts
[34mCLI[39m Using tsconfig: tsconfig.json
[34mCLI[39m tsup v6.7.0
[34mCLI[39m Target: es2020
[34mESM[39m Build start
[32mESM[39m [1mdist\hooks\useErrorBudget.mjs     [22m[32m193.00 B[39m
[32mESM[39m [1mdist\index.mjs                    [22m[32m54.51 KB[39m
[32mESM[39m [1mdist\chunk-CMNKAUUX.mjs           [22m[32m10.00 KB[39m
[32mESM[39m [1mdist\hooks\useErrorBudget.mjs.map [22m[32m71.00 B[39m
[32mESM[39m [1mdist\index.mjs.map                [22m[32m81.69 KB[39m
[32mESM[39m [1mdist\chunk-CMNKAUUX.mjs.map       [22m[32m18.83 KB[39m
[32mESM[39m ΓÜí∩╕Å Build success in 170ms

> renderx-plugins-demo@0.1.0 build:host
> npm run pre:manifests && vite build


> renderx-plugins-demo@0.1.0 pre:manifests
> npm run regenerate:ographx && node scripts/generate-orchestration-domains-from-sequences.js && node scripts/gen-orchestration-diff.js && node scripts/gen-orchestration-docs.js && node scripts/verify-orchestration-governance.js && node scripts/gen-orchestration-project-plan.js && node scripts/generate-sprint-reports.js && node scripts/generate-canonical-hash-report.js && node scripts/generate-provenance-index.js && node scripts/generate-compliance-report.js && node scripts/advance-current-sprint.js && node scripts/generate-sprint-integrity-snapshots.js && node scripts/generate-handler-coverage.js && node scripts/generate-sprint-deltas.js && node scripts/generate-telemetry-matrix.js && node scripts/generate-sprint-telemetry-snapshots.js && node scripts/generate-release-notes.js && node scripts/generate-demo-readiness.js && node scripts/generate-telemetry-instrumentation.js && node scripts/generate-telemetry-quickstart.js && node scripts/generate-telemetry-verification.js && node scripts/generate-telemetry-complete.js && node scripts/generate-documentation-governance-framework.js && node scripts/generate-pattern-recognition-achievement.js && node scripts/generate-governance-implementation-report.js && node scripts/generate-documentation-governance-index.js && node scripts/generate-document-drift-audit.js && node scripts/generate-domain-documentation-structure.js && node scripts/allocate-documentation-files.js && node scripts/generate-domain-documentation-indexes.js && node scripts/archive-orphaned-documents.js && node scripts/generate-archive-search-index.js && node scripts/gen-context-session-docs.cjs && node scripts/sync-json-sources.js --srcRoot=catalog && npm run sync:json-components && node scripts/sync-json-sequences.js --srcRoot=catalog && node scripts/generate-json-interactions-from-plugins.js && node scripts/generate-interaction-manifest.js --srcRoot=catalog && node scripts/generate-topics-manifest.js --srcRoot=catalog && node scripts/generate-topic-telemetry-signatures.cjs && node scripts/generate-layout-manifest.js --srcRoot=catalog && node scripts/aggregate-plugins.js && node scripts/sync-plugins.js --srcRoot=catalog && node scripts/sync-control-panel-config.js && node scripts/generate-versions-manifest.js


> renderx-plugins-demo@0.1.0 regenerate:ographx
> node scripts/run-python.js packages/ographx/generators/regenerate_all.py

Using Python: python
Running: C:\source\repos\bpm\Internal\renderx-plugins-demo\packages\ographx\generators\regenerate_all.py
======================================================================
OgraphX Self-Aware System - Regeneration Pipeline
======================================================================

[STEP] Extract Self-Graph (IR)
       Running: C:\Users\Sidney\AppData\Local\Programs\Python\Python310\python.exe core/ographx_py.py --root C:\source\repos\bpm\Internal\renderx-plugins-demo\packages\ographx --out C:\source\repos\bpm\Internal\renderx-plugins-demo\packages\ographx\.ographx\self-observation\self_graph.json
[OK]   Extract Self-Graph (IR) completed successfully
[ERROR] Extract Self-Graph (IR) failed: 'charmap' codec can't encode character '\u2713' in position 7: character maps to <undefined>

[STEP] Generate Sequences
       Running: C:\Users\Sidney\AppData\Local\Programs\Python\Python310\python.exe generators/generate_self_sequences.py
[OK]   Generate Sequences completed successfully
       [OK] Generated 533 sequences from 533 exported symbols
       [OK] Sequences written to C:\source\repos\bpm\Internal\renderx-plugins-demo\packages\ographx\.ographx\sequences\self_sequences.json

[STEP] Generate Orchestration Diagram
       Running: C:\Users\Sidney\AppData\Local\Programs\Python\Python310\python.exe generators/generate_orchestration_diagram.py
[OK]   Generate Orchestration Diagram completed successfully
       === Generating OgraphX Orchestration Diagrams ===
       [OK] Diagram written to C:\source\repos\bpm\Internal\renderx-plugins-demo\packages\ographx\.ographx\visualization\diagrams\orchestration_diagram.md
       [OK] Call graph diagram written to C:\source\repos\bpm\Internal\renderx-plugins-demo\packages\ographx\.ographx\visualization\diagrams\call_graph_diagram.md
       [OK] Summary diagram written to C:\source\repos\bpm\Internal\renderx-plugins-demo\packages\ographx\.ographx\visualization\diagrams\summary_diagram.md
       All diagrams generated!

[STEP] Generate Sequence Flow
       Running: C:\Users\Sidney\AppData\Local\Programs\Python\Python310\python.exe generators/generate_sequence_flow.py
[OK]   Generate Sequence Flow completed successfully
       === Generating Detailed Sequence Flow Diagrams ===
       [OK] Sequence flow diagram written to C:\source\repos\bpm\Internal\renderx-plugins-demo\packages\ographx\.ographx\visualization\diagrams\sequence_flow_diagram.md
       [OK] Beat timeline written to C:\source\repos\bpm\Internal\renderx-plugins-demo\packages\ographx\.ographx\visualization\diagrams\beat_timeline.md
       All flow diagrams generated!

[STEP] Convert Diagrams to SVG
       Running: C:\Users\Sidney\AppData\Local\Programs\Python\Python310\python.exe generators/convert_to_svg.py --all --method api
[OK]   Convert Diagrams to SVG completed successfully
[ERROR] Convert Diagrams to SVG failed: 'charmap' codec can't encode character '\U0001f4ca' in position 7: character maps to <undefined>

[STEP] Generate Test Graph
       Running: C:\Users\Sidney\AppData\Local\Programs\Python\Python310\python.exe generators/generate_test_graph.py
[OK]   Generate Test Graph completed successfully
       [*] Analyzing test files...
       [OK] Saved test structure: C:\source\repos\bpm\Internal\renderx-plugins-demo\packages\ographx\.ographx\test-graphs\test_structure.json
       Saved Mermaid diagram: C:\source\repos\bpm\Internal\renderx-plugins-demo\packages\ographx\.ographx\test-graphs\test_graph.mmd
       [SUMMARY] TEST STATISTICS
       ======================================================================
       Total Tests: 118
       Test Files: 5
       Unit Tests:
         Analysis: 0 tests
         Core Extraction: 16 tests
         Coverage & Quality: 71 tests
         Generators: 16 tests
       Integration Tests:
         Pipeline: 15 tests

[STEP] Extract Analysis
       Running: C:\Users\Sidney\AppData\Local\Programs\Python\Python310\python.exe analysis/analyze_self_graph.py
[OK]   Extract Analysis completed successfully
       ============================================================
[ERROR] Extract Analysis failed: 'charmap' codec can't encode character '\U0001f9d8' in position 7: character maps to <undefined>

======================================================================
REGENERATION SUMMARY
======================================================================
[FAIL] Extract Self-Graph (IR)
[OK] Generate Sequences
[OK] Generate Orchestration Diagram
[OK] Generate Sequence Flow
[FAIL] Convert Diagrams to SVG
[OK] Generate Test Graph
[FAIL] Extract Analysis

Total: 4/7 steps completed

[ERROR] 3 step(s) failed
Error: Command failed: "python" "C:\source\repos\bpm
\Internal\renderx-plugins-demo\packages\ographx\gene
rators\regenerate_all.py" 
