node.exe : [1m[43m DEPRECATED [49m[22m [33m"environmentMatchGlobs" is deprecated. 
Use `test.projects` to define different configurations instead.[39m
At line:1 char:1
+ & "C:\Program Files\nodejs/node.exe" "C:\Program Files\nodejs/node_mo ...
+ ~~~~~~~~~~~~~~~~~~~~~~~~~~~~~~~~~~~~~~~~~~~~~~~~~~~~~~~~~~~~~~~~~~~~~
    + CategoryInfo          : NotSpecified: ([1m[43m DEPRE...s instead.[39m:String)  
   [], RemoteException
    + FullyQualifiedErrorId : NativeCommandError
 

[1m[46m RUN [49m[22m [36mv3.2.4 [39m[90mC:/source/repos/bpm/Internal/renderx-plugins-demo[39m

 [31m├ù[39m packages/control-panel/__tests__/api.control-panel.classes.notify.spec.ts[2m > [22mcontrol-panel: classes add/remove + notifyUi[2m > [22maddClass adds class and populates payload[32m 32[2mms[22m[39m
[31m   ΓåÆ Cannot set properties of undefined (setting 'id')[39m
 [31m├ù[39m packages/control-panel/__tests__/api.control-panel.classes.notify.spec.ts[2m > [22mcontrol-panel: classes add/remove + notifyUi[2m > [22mremoveClass removes class and populates payload[32m 10[2mms[22m[39m
[31m   ΓåÆ Cannot set properties of undefined (setting 'id')[39m
 [31m├ù[39m packages/control-panel/__tests__/api.control-panel.classes.notify.spec.ts[2m > [22mcontrol-panel: classes add/remove + notifyUi[2m > [22mnotifyUi publishes control.panel.classes.updated when payload present[32m 17[2mms[22m[39m
[31m   ΓåÆ expected +0 to be 1 // Object.is equality[39m
 [31m├ù[39m packages/canvas-component/__tests__/export.json-css.end-to-end.spec.ts[2m > [22mExport includes JSON component CSS end-to-end (migrated)[2m > [22mexports CSS classes from registry in the UI file[32m 37[2mms[22m[39m
[31m   ΓåÆ Cannot set properties of undefined (setting 'error')[39m
 [32mΓ£ô[39m packages/canvas-component/__tests__/handlers.handlers.spec.ts[2m > [22mcanvas-component handlers handlers[2m > [22mserializeSelectedComponent - returns clipboardData when element present[32m 27[2mms[22m[39m
 [32mΓ£ô[39m packages/canvas-component/__tests__/handlers.handlers.spec.ts[2m > [22mcanvas-component handlers handlers[2m > [22mserializeSelectedComponent - empty result when no selection[32m 7[2mms[22m[39m
 [32mΓ£ô[39m packages/canvas-component/__tests__/handlers.handlers.spec.ts[2m > [22mcanvas-component handlers handlers[2m > [22mcopyToClipboard - writes to fallback clipboard memory[32m 4[2mms[22m[39m
 [32mΓ£ô[39m packages/canvas-component/__tests__/handlers.handlers.spec.ts[2m > [22mcanvas-component handlers handlers[2m > [22mnotifyCopyComplete - does not throw[32m 2[2mms[22m[39m
 [32mΓ£ô[39m packages/canvas-component/__tests__/handlers.handlers.spec.ts[2m > [22mcanvas-component handlers handlers[2m > [22mresolveTemplate - populates ctx.payload fields[32m 2[2mms[22m[39m
 [32mΓ£ô[39m packages/canvas-component/__tests__/handlers.handlers.spec.ts[2m > [22mcanvas-component handlers handlers[2m > [22mresolveTemplate - throws on missing template[32m 4[2mms[22m[39m
 [32mΓ£ô[39m packages/canvas-component/__tests__/handlers.handlers.spec.ts[2m > [22mcanvas-component handlers handlers[2m > [22minjectCssFallback - injects style element once and appends css[32m 37[2mms[22m[39m
 [32mΓ£ô[39m packages/canvas-component/__tests__/handlers.handlers.spec.ts[2m > [22mcanvas-component handlers handlers[2m > [22minjectRawCss - delegates to stageCrew then fallback if error[32m 2[2mms[22m[39m
 [32mΓ£ô[39m packages/canvas-component/__tests__/handlers.handlers.spec.ts[2m > [22mcanvas-component handlers handlers[2m > [22mcreateFromImportRecord - invokes conductor play with transformed payload[32m 8[2mms[22m[39m
 [32mΓ£ô[39m packages/canvas-component/__tests__/handlers.handlers.spec.ts[2m > [22mcanvas-component handlers handlers[2m > [22mattachSelection - calls onSelected on click[32m 4[2mms[22m[39m
 [32mΓ£ô[39m packages/canvas-component/__tests__/handlers.handlers.spec.ts[2m > [22mcanvas-component handlers handlers[2m > [22mattachDrag - happy path (start/move/end callbacks)[32m 8[2mms[22m[39m
 [32mΓ£ô[39m packages/canvas-component/__tests__/handlers.handlers.spec.ts[2m > [22mcanvas-component handlers handlers[2m > [22mattachDrag - ignores non-left button and no callbacks fired[32m 6[2mms[22m[39m
 [32mΓ£ô[39m packages/canvas-component/__tests__/handlers.handlers.spec.ts[2m > [22mcanvas-component handlers handlers[2m > [22mattachSvgNodeClick - happy path publishes selection with derived path[32m 44[2mms[22m[39m
 [32mΓ£ô[39m packages/canvas-component/__tests__/handlers.handlers.spec.ts[2m > [22mcanvas-component handlers handlers[2m > [22mattachSvgNodeClick - clicking root svg does nothing[32m 2[2mms[22m[39m
 [32mΓ£ô[39m packages/canvas-component/__tests__/handlers.handlers.spec.ts[2m > [22mcanvas-component handlers handlers[2m > [22mcomputeInstanceClass - strips rx-node- prefix[32m 2[2mms[22m[39m
 [32mΓ£ô[39m packages/canvas-component/__tests__/handlers.handlers.spec.ts[2m > [22mcanvas-component handlers handlers[2m > [22mcomputeInstanceClass - no prefix preserved as-is[32m 1[2mms[22m[39m
 [32mΓ£ô[39m packages/canvas-component/__tests__/handlers.handlers.spec.ts[2m > [22mcanvas-component handlers handlers[2m > [22mcomputeCssVarBlock - renders vars with -- prefix[32m 1[2mms[22m[39m
 [32mΓ£ô[39m packages/canvas-component/__tests__/handlers.handlers.spec.ts[2m > [22mcanvas-component handlers handlers[2m > [22mcomputeCssVarBlock - empty returns blank string[32m 1[2mms[22m[39m
 [32mΓ£ô[39m packages/canvas-component/__tests__/handlers.handlers.spec.ts[2m > [22mcanvas-component handlers handlers[2m > [22mcomputeInlineStyle - merges template/style and position/dimensions[32m 1[2mms[22m[39m
 [32mΓ£ô[39m packages/canvas-component/__tests__/handlers.handlers.spec.ts[2m > [22mcanvas-component handlers handlers[2m > [22mcomputeInlineStyle - handles non-numeric dimensions and missing position[32m 1[2mms[22m[39m
 [32mΓ£ô[39m packages/canvas-component/__tests__/handlers.handlers.spec.ts[2m > [22mcanvas-component handlers handlers[2m > [22mnotifyUi - happy path[32m 1[2mms[22m[39m
 [32mΓ£ô[39m packages/canvas-component/__tests__/handlers.handlers.spec.ts[2m > [22mcanvas-component handlers handlers[2m > [22mnotifyUi - edge case/error handling[32m 1[2mms[22m[39m
 [32mΓ£ô[39m packages/canvas-component/__tests__/handlers.handlers.spec.ts[2m > [22mcanvas-component handlers handlers[2m > [22mName - happy path[32m 1[2mms[22m[39m
 [32mΓ£ô[39m packages/canvas-component/__tests__/handlers.handlers.spec.ts[2m > [22mcanvas-component handlers handlers[2m > [22mpublishDeleted - publishes canvas.component.deleted when id present[32m 5[2mms[22m[39m
 [32mΓ£ô[39m packages/canvas-component/__tests__/handlers.handlers.spec.ts[2m > [22mcanvas-component handlers handlers[2m > [22mpublishDeleted - no id (missing) does not publish[32m 2[2mms[22m[39m
 [32mΓ£ô[39m packages/canvas-component/__tests__/handlers.handlers.spec.ts[2m > [22mcanvas-component handlers handlers[2m > [22mdeleteComponent - removes element and hides overlays then publishes[32m 52[2mms[22m[39m
 [32mΓ£ô[39m packages/canvas-component/__tests__/handlers.handlers.spec.ts[2m > [22mcanvas-component handlers handlers[2m > [22mdeleteComponent - missing id does nothing[32m 2[2mms[22m[39m
 [32mΓ£ô[39m packages/canvas-component/__tests__/handlers.handlers.spec.ts[2m > [22mcanvas-component handlers handlers[2m > [22mrouteDeleteRequest - plays sequence when id provided[32m 2[2mms[22m[39m
 [32mΓ£ô[39m packages/canvas-component/__tests__/handlers.handlers.spec.ts[2m > [22mcanvas-component handlers handlers[2m > [22mrouteDeleteRequest - missing id does not play[32m 1[2mms[22m[39m
 [32mΓ£ô[39m packages/canvas-component/__tests__/handlers.handlers.spec.ts[2m > [22mcanvas-component handlers handlers[2m > [22mexportSvgToGif - sets error when not SVG or missing[32m 3[2mms[22m[39m
 [32mΓ£ô[39m packages/canvas-component/__tests__/handlers.handlers.spec.ts[2m > [22mcanvas-component handlers handlers[2m > [22mcreateMP4Encoder - returns encoder with callable methods[32m 8[2mms[22m[39m
 [31m├ù[39m packages/canvas-component/__tests__/handlers.handlers.spec.ts[2m > [22mcanvas-component handlers handlers[2m > [22mexportSvgToMp4 - errors when target missing[32m 47[2mms[22m[39m
[31m   ΓåÆ Cannot set properties of undefined (setting 'error')[39m
 [31m├ù[39m packages/canvas-component/__tests__/handlers.handlers.spec.ts[2m > [22mcanvas-component handlers handlers[2m > [22mexportSvgToMp4 - basic success with svg element (mocked 2D context)[32m 73[2mms[22m[39m
[31m   ΓåÆ Cannot read properties of undefined (reading 'error')[39m
 [31m├ù[39m packages/canvas-component/__tests__/handlers.handlers.spec.ts[2m > [22mcanvas-component handlers handlers[2m > [22mopenUiFile - non-browser environment sets warning (simulated by temporarily redefining document)[32m 4[2mms[22m[39m
[31m   ΓåÆ Cannot read properties of undefined (reading 'warn')[39m
 [32mΓ£ô[39m packages/canvas-component/__tests__/handlers.handlers.spec.ts[2m > [22mcanvas-component handlers handlers[2m > [22mstartLineManip - returns data unchanged[32m 1[2mms[22m[39m
 [32mΓ£ô[39m packages/canvas-component/__tests__/handlers.handlers.spec.ts[2m > [22mcanvas-component handlers handlers[2m > [22mendLineManip - no-op returns undefined[32m 1[2mms[22m[39m
 [32mΓ£ô[39m packages/canvas-component/__tests__/handlers.handlers.spec.ts[2m > [22mcanvas-component handlers handlers[2m > [22mmoveLineManip - endpoint a updates x1/y1[32m 151[2mms[22m[39m
 [32mΓ£ô[39m packages/canvas-component/__tests__/handlers.handlers.spec.ts[2m > [22mcanvas-component handlers handlers[2m > [22mmoveLineManip - curve handle sets --curve and updates control point[32m 12[2mms[22m[39m
 [31m├ù[39m packages/canvas-component/__tests__/handlers.handlers.spec.ts[2m > [22mcanvas-component handlers handlers[2m > [22mupdateAttribute - applies attribute via rule engine[32m 5[2mms[22m[39m
[31m   ΓåÆ Cannot read properties of undefined (reading 'updatedAttribute')[39m
 [31m├ù[39m packages/canvas-component/__tests__/handlers.handlers.spec.ts[2m > [22mcanvas-component handlers handlers[2m > [22mupdateAttribute - missing id does nothing[32m 2[2mms[22m[39m
[31m   ΓåÆ Cannot read properties of undefined (reading 'warn')[39m
 [32mΓ£ô[39m packages/canvas-component/__tests__/handlers.handlers.spec.ts[2m > [22mcanvas-component handlers handlers[2m > [22mensureOverlayCss - injects style only once[32m 3[2mms[22m[39m
 [32mΓ£ô[39m packages/canvas-component/__tests__/handlers.handlers.spec.ts[2m > [22mcanvas-component handlers handlers[2m > [22mensureOverlay - creates overlay with 8 handles and reuses existing[32m 18[2mms[22m[39m
 [32mΓ£ô[39m packages/canvas-component/__tests__/handlers.handlers.spec.ts[2m > [22mcanvas-component handlers handlers[2m > [22mensureOverlay - throws when canvas missing[32m 2[2mms[22m[39m
 [32mΓ£ô[39m packages/canvas-component/__tests__/handlers.handlers.spec.ts[2m > [22mcanvas-component handlers handlers[2m > [22mgetCanvasRect - happy path[32m 2[2mms[22m[39m
 [32mΓ£ô[39m packages/canvas-component/__tests__/handlers.handlers.spec.ts[2m > [22mcanvas-component handlers handlers[2m > [22mgetCanvasRect - edge case/error handling[32m 1[2mms[22m[39m
 [32mΓ£ô[39m packages/canvas-component/__tests__/handlers.handlers.spec.ts[2m > [22mcanvas-component handlers handlers[2m > [22mapplyOverlayRectForEl - happy path[32m 1[2mms[22m[39m
 [32mΓ£ô[39m packages/canvas-component/__tests__/handlers.handlers.spec.ts[2m > [22mcanvas-component handlers handlers[2m > [22mapplyOverlayRectForEl - edge case/error handling[32m 2[2mms[22m[39m
 [32mΓ£ô[39m packages/canvas-component/__tests__/handlers.handlers.spec.ts[2m > [22mcanvas-component handlers handlers[2m > [22mcreateOverlayStructure - happy path[32m 1[2mms[22m[39m
 [32mΓ£ô[39m packages/canvas-component/__tests__/handlers.handlers.spec.ts[2m > [22mcanvas-component handlers handlers[2m > [22mcreateOverlayStructure - edge case/error handling[32m 1[2mms[22m[39m
 [32mΓ£ô[39m packages/canvas-component/__tests__/handlers.handlers.spec.ts[2m > [22mcanvas-component handlers handlers[2m > [22mresolveEndpoints - happy path[32m 1[2mms[22m[39m
 [32mΓ£ô[39m packages/canvas-component/__tests__/handlers.handlers.spec.ts[2m > [22mcanvas-component handlers handlers[2m > [22mresolveEndpoints - edge case/error handling[32m 1[2mms[22m[39m
 [32mΓ£ô[39m packages/canvas-component/__tests__/handlers.handlers.spec.ts[2m > [22mcanvas-component handlers handlers[2m > [22mensureAdvancedLineOverlayFor - happy path[32m 1[2mms[22m[39m
 [32mΓ£ô[39m packages/canvas-component/__tests__/handlers.handlers.spec.ts[2m > [22mcanvas-component handlers handlers[2m > [22mensureAdvancedLineOverlayFor - edge case/error handling[32m 2[2mms[22m[39m
 [32mΓ£ô[39m packages/canvas-component/__tests__/handlers.handlers.spec.ts[2m > [22mcanvas-component handlers handlers[2m > [22mattachAdvancedLineManipHandlers - happy path[32m 1[2mms[22m[39m
 [32mΓ£ô[39m packages/canvas-component/__tests__/handlers.handlers.spec.ts[2m > [22mcanvas-component handlers handlers[2m > [22mattachAdvancedLineManipHandlers - edge case/error handling[32m 1[2mms[22m[39m
 [32mΓ£ô[39m packages/canvas-component/__tests__/handlers.handlers.spec.ts[2m > [22mcanvas-component handlers handlers[2m > [22mensureLineOverlayFor - happy path[32m 1[2mms[22m[39m
 [32mΓ£ô[39m packages/canvas-component/__tests__/handlers.handlers.spec.ts[2m > [22mcanvas-component handlers handlers[2m > [22mensureLineOverlayFor - edge case/error handling[32m 1[2mms[22m[39m
 [32mΓ£ô[39m packages/canvas-component/__tests__/handlers.handlers.spec.ts[2m > [22mcanvas-component handlers handlers[2m > [22mattachLineResizeHandlers - happy path[32m 1[2mms[22m[39m
 [32mΓ£ô[39m packages/canvas-component/__tests__/handlers.handlers.spec.ts[2m > [22mcanvas-component handlers handlers[2m > [22mattachLineResizeHandlers - edge case/error handling[32m 1[2mms[22m[39m
 [32mΓ£ô[39m packages/canvas-component/__tests__/handlers.handlers.spec.ts[2m > [22mcanvas-component handlers handlers[2m > [22mattachResizeHandlers - happy path[32m 1[2mms[22m[39m
 [32mΓ£ô[39m packages/canvas-component/__tests__/handlers.handlers.spec.ts[2m > [22mcanvas-component handlers handlers[2m > [22mattachResizeHandlers - edge case/error handling[32m 16[2mms[22m[39m
 [32mΓ£ô[39m packages/canvas-component/__tests__/handlers.handlers.spec.ts[2m > [22mcanvas-component handlers handlers[2m > [22mupdateAttribute - happy path[32m 34[2mms[22m[39m
 [32mΓ£ô[39m packages/canvas-component/__tests__/handlers.handlers.spec.ts[2m > [22mcanvas-component handlers handlers[2m > [22mupdateAttribute - edge case/error handling[32m 2[2mms[22m[39m
 [32mΓ£ô[39m packages/canvas-component/__tests__/handlers.handlers.spec.ts[2m > [22mcanvas-component handlers handlers[2m > [22msetClipboardText/getClipboardText - round trip stores and retrieves[32m 2[2mms[22m[39m
 [32mΓ£ô[39m packages/canvas-component/__tests__/handlers.handlers.spec.ts[2m > [22mcanvas-component handlers handlers[2m > [22msetClipboardText - empty string yields empty retrieval[32m 14[2mms[22m[39m
 [32mΓ£ô[39m packages/canvas-component/__tests__/handlers.handlers.spec.ts[2m > [22mcanvas-component handlers handlers[2m > [22minitConductor - happy path[32m 1[2mms[22m[39m
 [32mΓ£ô[39m packages/canvas-component/__tests__/handlers.handlers.spec.ts[2m > [22mcanvas-component handlers handlers[2m > [22minitConductor - edge case/error handling[32m 1[2mms[22m[39m
 [32mΓ£ô[39m packages/canvas-component/__tests__/handlers.handlers.spec.ts[2m > [22mcanvas-component handlers handlers[2m > [22mregisterAllSequences - happy path[32m 1[2mms[22m[39m
 [32mΓ£ô[39m packages/canvas-component/__tests__/handlers.handlers.spec.ts[2m > [22mcanvas-component handlers handlers[2m > [22mregisterAllSequences - edge case/error handling[32m 1[2mms[22m[39m
 [32mΓ£ô[39m packages/canvas-component/__tests__/handlers.handlers.spec.ts[2m > [22mcanvas-component handlers handlers[2m > [22mloadJsonSequenceCatalogs - happy path[32m 1[2mms[22m[39m
 [32mΓ£ô[39m packages/canvas-component/__tests__/handlers.handlers.spec.ts[2m > [22mcanvas-component handlers handlers[2m > [22mloadJsonSequenceCatalogs - edge case/error handling[32m 1[2mms[22m[39m
 [32mΓ£ô[39m packages/canvas-component/__tests__/handlers.handlers.spec.ts[2m > [22mcanvas-component handlers handlers[2m > [22mgetFlagOverride - happy path[32m 1[2mms[22m[39m
 [32mΓ£ô[39m packages/canvas-component/__tests__/handlers.handlers.spec.ts[2m > [22mcanvas-component handlers handlers[2m > [22mgetFlagOverride - edge case/error handling[32m 1[2mms[22m[39m
 [32mΓ£ô[39m packages/canvas-component/__tests__/handlers.handlers.spec.ts[2m > [22mcanvas-component handlers handlers[2m > [22msetAllRulesConfig - happy path[32m 1[2mms[22m[39m
 [32mΓ£ô[39m packages/canvas-component/__tests__/handlers.handlers.spec.ts[2m > [22mcanvas-component handlers handlers[2m > [22msetAllRulesConfig - edge case/error handling[32m 1[2mms[22m[39m
 [32mΓ£ô[39m packages/canvas-component/__tests__/handlers.handlers.spec.ts[2m > [22mcanvas-component handlers handlers[2m > [22mloadAllRulesFromWindow - happy path[32m 1[2mms[22m[39m
 [32mΓ£ô[39m packages/canvas-component/__tests__/handlers.handlers.spec.ts[2m > [22mcanvas-component handlers handlers[2m > [22mloadAllRulesFromWindow - edge case/error handling[32m 1[2mms[22m[39m
 [32mΓ£ô[39m packages/canvas-component/__tests__/handlers.handlers.spec.ts[2m > [22mcanvas-component handlers handlers[2m > [22mgetAllRulesConfig - happy path[32m 2[2mms[22m[39m
 [32mΓ£ô[39m packages/canvas-component/__tests__/handlers.handlers.spec.ts[2m > [22mcanvas-component handlers handlers[2m > [22mgetAllRulesConfig - edge case/error handling[32m 1[2mms[22m[39m
 [32mΓ£ô[39m packages/canvas-component/__tests__/handlers.handlers.spec.ts[2m > [22mcanvas-component handlers handlers[2m > [22msanitizeHtml - happy path[32m 1[2mms[22m[39m
 [32mΓ£ô[39m packages/canvas-component/__tests__/handlers.handlers.spec.ts[2m > [22mcanvas-component handlers handlers[2m > [22msanitizeHtml - edge case/error handling[32m 1[2mms[22m[39m
 [32mΓ£ô[39m packages/canvas-component/__tests__/handlers.handlers.spec.ts[2m > [22mcanvas-component handlers handlers[2m > [22mtransform - happy path[32m 1[2mms[22m[39m
 [32mΓ£ô[39m packages/canvas-component/__tests__/handlers.handlers.spec.ts[2m > [22mcanvas-component handlers handlers[2m > [22mtransform - edge case/error handling[32m 1[2mms[22m[39m
 [31m├ù[39m packages/canvas-component/__tests__/line.svg.spec.ts[2m > [22mSVG Line component[2m > [22mcreates an <svg> with a child <line.segment> that uses CSS vars and non-scaling stroke[32m 28[2mms[22m[39m
[31m   ΓåÆ Cannot set properties of undefined (setting 'template')[39m
 [31m├ù[39m packages/canvas-component/__tests__/line.svg.spec.ts[2m > [22mSVG Line component[2m > [22mresizes via stage-crew updateSize and keeps element dimensions updated[32m 7[2mms[22m[39m
[31m   ΓåÆ Cannot set properties of undefined (setting 'template')[39m
 [31m├ù[39m packages/canvas-component/__tests__/resize.svg.spec.ts[2m > [22mSVG component resize behavior[2m > [22mresizes outer dimensions while content preserves stroke thickness via CSS[32m 32[2mms[22m[39m
[31m   ΓåÆ Cannot set properties of undefined (setting 'template')[39m
 [31m├ù[39m packages/canvas-component/__tests__/advanced-line.recompute.spec.ts[2m > [22mAdvanced Line recompute (Phase 2+3)[2m > [22mmaps CSS vars to line x1/y1/x2/y2 in viewBox coordinates[32m 33[2mms[22m[39m
[31m   ΓåÆ Cannot set properties of undefined (setting 'template')[39m
 [31m├ù[39m packages/canvas-component/__tests__/advanced-line.recompute.spec.ts[2m > [22mAdvanced Line recompute (Phase 2+3)[2m > [22mtoggles marker-end via --arrowEnd CSS var[32m 7[2mms[22m[39m
[31m   ΓåÆ Cannot set properties of undefined (setting 'template')[39m
 [31m├ù[39m packages/canvas-component/__tests__/advanced-line.recompute.spec.ts[2m > [22mAdvanced Line recompute (Phase 2+3)[2m > [22mrenders quadratic path when --curve=1 with --cx/--cy[32m 5[2mms[22m[39m
[31m   ΓåÆ Cannot set properties of undefined (setting 'template')[39m
 [31m├ù[39m packages/canvas-component/__tests__/advanced-line.recompute.spec.ts[2m > [22mAdvanced Line recompute (Phase 2+3)[2m > [22mapplies rotate transform when --angle is set[32m 5[2mms[22m[39m
[31m   ΓåÆ Cannot set properties of undefined (setting 'template')[39m
 [31m├ù[39m packages/canvas-component/__tests__/line.overlay-data-driven.spec.ts[2m > [22mline component overlay is data-driven and uses standard resize when configured[2m > [22muses box overlay when no data-overlay=line is set (ignores class heuristics)[32m 30[2mms[22m[39m
[31m   ΓåÆ Cannot set properties of undefined (setting 'template')[39m
 [31m├ù[39m packages/canvas-component/__tests__/line.overlay-data-driven.spec.ts[2m > [22mline component overlay is data-driven and uses standard resize when configured[2m > [22mresizes a line component via standard SE handle when enabled & handles provided[32m 9[2mms[22m[39m
[31m   ΓåÆ Cannot set properties of undefined (setting 'template')[39m
 [31m├ù[39m packages/canvas-component/__tests__/line.overlay-data-driven.spec.ts[2m > [22mline component overlay is data-driven and uses standard resize when configured[2m > [22mignores data-overlay=line and still uses standard overlay[32m 46[2mms[22m[39m
[31m   ΓåÆ Cannot set properties of undefined (setting 'template')[39m
 [31m├ù[39m packages/canvas-component/__tests__/resize.overlay-tools-config.spec.ts[2m > [22mresize overlay driven by template tools config[2m > [22mshows only handles listed in data-resize-handles[32m 35[2mms[22m[39m
[31m   ΓåÆ Cannot set properties of undefined (setting 'template')[39m
 [31m├ù[39m packages/canvas-component/__tests__/resize.overlay-tools-config.spec.ts[2m > [22mresize overlay driven by template tools config[2m > [22menforces min width/height constraints from data attributes during resize[32m 7[2mms[22m[39m
[31m   ΓåÆ Cannot set properties of undefined (setting 'template')[39m
 [31m├ù[39m packages/canvas-component/__tests__/resize.overlay-tools-config.spec.ts[2m > [22mresize overlay driven by template tools config[2m > [22mdisables resizing entirely when data-resize-enabled is false[32m 7[2mms[22m[39m
[31m   ΓåÆ Cannot set properties of undefined (setting 'template')[39m
 [31m├ù[39m packages/canvas-component/__tests__/advanced-line.resize.scale.spec.ts[2m > [22mAdvanced Line ΓÇö endpoints scale with resize[2m > [22mproportionally scales --x1/--y1/--x2/--y2 when resizing the element[32m 32[2mms[22m[39m
[31m   ΓåÆ Cannot set properties of undefined (setting 'template')[39m
 [31m├ù[39m packages/control-panel/__tests__/live-updates.drag-resize.spec.ts[2m > [22mControl Panel live updates during drag/resize[2m > [22mforwards drag position updates to Control Panel[32m 30[2mms[22m[39m
[31m   ΓåÆ Cannot set properties of undefined (setting 'template')[39m
 [31m├ù[39m packages/control-panel/__tests__/live-updates.drag-resize.spec.ts[2m > [22mControl Panel live updates during drag/resize[2m > [22mforwards resize updates to Control Panel with position and size[32m 7[2mms[22m[39m
[31m   ΓåÆ Cannot set properties of undefined (setting 'template')[39m
 [31m├ù[39m packages/control-panel/__tests__/live-updates.drag-resize.spec.ts[2m > [22mControl Panel live updates during drag/resize[2m > [22mControl Panel update sequence derives current position/size from DOM[32m 6[2mms[22m[39m
[31m   ΓåÆ Cannot set properties of undefined (setting 'template')[39m
 [32mΓ£ô[39m packages/control-panel/__tests__/live-updates.drag-resize.spec.ts[2m > [22mControl Panel live updates during drag/resize[2m > [22mnotifies UI observer with updated model during live updates[32m 214[2mms[22m[39m
 [31m├ù[39m packages/canvas-component/__tests__/advanced-line.viewbox.autosize.spec.ts[2m > [22mAdvanced Line ΓÇö dynamic viewBox autosize[2m > [22mexpands viewBox when endpoints extend beyond element bounds (no rotation)[32m 30[2mms[22m[39m
[31m   ΓåÆ Cannot set properties of undefined (setting 'template')[39m
 [31m├ù[39m packages/canvas-component/__tests__/advanced-line.viewbox.autosize.spec.ts[2m > [22mAdvanced Line ΓÇö dynamic viewBox autosize[2m > [22madds headroom when rotated so the line is never clipped[32m 6[2mms[22m[39m
[31m   ΓåÆ Cannot set properties of undefined (setting 'template')[39m
 [32mΓ£ô[39m packages/canvas-component/__tests__/api.canvas-component.selection.update.create.spec.ts[2m > [22mcanvas-component public API beats[2m > [22mnotifyUi (selection) routes to control panel selection.show via conductor.play[32m 26[2mms[22m[39m
 [32mΓ£ô[39m packages/canvas-component/__tests__/api.canvas-component.selection.update.create.spec.ts[2m > [22mcanvas-component public API beats[2m > [22mrouteSelectionRequest forwards to canvas.component.select with _routed flag[32m 8[2mms[22m[39m
 [31m├ù[39m packages/canvas-component/__tests__/api.canvas-component.selection.update.create.spec.ts[2m > [22mcanvas-component public API beats[2m > [22mupdateAttribute applies update via rule engine and stores payload[32m 12[2mms[22m[39m
[31m   ΓåÆ Cannot read properties of undefined (reading 'updatedAttribute')[39m
 [31m├ù[39m packages/canvas-component/__tests__/api.canvas-component.selection.update.create.spec.ts[2m > [22mcanvas-component public API beats[2m > [22mcreateNode creates element under #rx-canvas and populates createdNode payload[32m 6[2mms[22m[39m
[31m   ΓåÆ Cannot read properties of undefined (reading 'template')[39m
 [31m├ù[39m packages/canvas-component/__tests__/resize.dom.spec.ts[2m > [22mcanvas-component resize (DOM-only)[2m > [22mresizes the element via SE handle drag[32m 32[2mms[22m[39m
[31m   ΓåÆ Cannot set properties of undefined (setting 'template')[39m
 [31m├ù[39m packages/canvas-component/__tests__/resize.dom.spec.ts[2m > [22mcanvas-component resize (DOM-only)[2m > [22memits a single resize.move for repeated mousemove at same geometry[32m 7[2mms[22m[39m
[31m   ΓåÆ Cannot set properties of undefined (setting 'template')[39m
 [31m├ù[39m packages/control-panel/__tests__/selection.sequence-model-and-notify.spec.ts[2m > [22mControl Panel selection sequence builds data-driven model[2m > [22mderives selection model from DOM element and component JSON[32m 30[2mms[22m[39m
[31m   ΓåÆ Cannot set properties of undefined (setting 'template')[39m
 [31m├ù[39m packages/control-panel/__tests__/selection.sequence-model-and-notify.spec.ts[2m > [22mControl Panel selection sequence builds data-driven model[2m > [22mpublishes selection model via EventRouter[32m 19[2mms[22m[39m
[31m   ΓåÆ expected "spy" to be called with arguments: [ ΓÇª(2) ][90m

Number of calls: [1m0[22m
[31m[39m
 [31m├ù[39m packages/control-panel/__tests__/selection.sequence-model-and-notify.spec.ts[2m > [22mControl Panel selection sequence builds data-driven model[2m > [22mhandles missing element gracefully[32m 12[2mms[22m[39m
[31m   ΓåÆ expected [Function] to not throw an error but 'TypeError: Cannot set properties of uΓÇª' was thrown[39m
 [31m├ù[39m packages/control-panel/__tests__/classes.editing.spec.ts[2m > [22mControl Panel class editing sequences[2m > [22madds CSS class to selected element via stage-crew[32m 31[2mms[22m[39m
[31m   ΓåÆ Cannot set properties of undefined (setting 'template')[39m
 [31m├ù[39m packages/control-panel/__tests__/classes.editing.spec.ts[2m > [22mControl Panel class editing sequences[2m > [22mremoves CSS class from selected element via stage-crew[32m 7[2mms[22m[39m
[31m   ΓåÆ Cannot set properties of undefined (setting 'template')[39m
 [32mΓ£ô[39m packages/control-panel/__tests__/classes.editing.spec.ts[2m > [22mControl Panel class editing sequences[2m > [22mpublishes class changes via EventRouter[32m 13[2mms[22m[39m
 [32mΓ£ô[39m packages/control-panel/__tests__/classes.editing.spec.ts[2m > [22mControl Panel class editing sequences[2m > [22mhandles missing element gracefully for class operations[32m 7[2mms[22m[39m
 [31m├ù[39m packages/library/__tests__/handlers.loadComponents.spec.ts[2m > [22mlibrary.handlers[2m > [22mloadComponents uses Host SDK inventory when available and assigns payload components[32m 22[2mms[22m[39m
[31m   ΓåÆ Cannot set properties of undefined (setting 'components')[39m
 [31m├ù[39m packages/library/__tests__/handlers.loadComponents.spec.ts[2m > [22mlibrary.handlers[2m > [22mloadComponents merges custom components with inventory components[32m 4[2mms[22m[39m
[31m   ΓåÆ Cannot set properties of undefined (setting 'components')[39m
 [31m├ù[39m packages/library/__tests__/handlers.loadComponents.spec.ts[2m > [22mlibrary.handlers[2m > [22mloadComponents works with only custom components when no inventory[32m 3[2mms[22m[39m
[31m   ΓåÆ Cannot set properties of undefined (setting 'components')[39m
 [31m├ù[39m packages/library/__tests__/handlers.loadComponents.spec.ts[2m > [22mlibrary.handlers[2m > [22mloadComponents handles empty custom components[32m 2[2mms[22m[39m
[31m   ΓåÆ Cannot set properties of undefined (setting 'components')[39m
 [31m├ù[39m packages/library/__tests__/handlers.loadComponents.spec.ts[2m > [22mlibrary.handlers[2m > [22mnotifyUi calls onComponentsLoaded from ctx.payload (not from data parameter)[32m 2[2mms[22m[39m
[31m   ΓåÆ Cannot read properties of undefined (reading 'onComponentsLoaded')[39m
 [31m├ù[39m packages/canvas-component/__tests__/select.overlay.css.spec.ts[2m > [22mselection overlay CSS ensures box-sizing border-box for accurate alignment[2m > [22msets overlay to border-box so its border doesn't expand beyond element bounds[32m 30[2mms[22m[39m
[31m   ΓåÆ Cannot set properties of undefined (setting 'template')[39m
[90mstdout[2m | packages/canvas-component/__tests__/export.css.debug.spec.ts[2m > [22m[2mDebug CSS collection in export (migrated)[2m > [22m[2mdebugs why cssClasses is not empty in export when classRefs provided
[22m[39mCSS Registry state before test:
- Has rx-button: [33mtrue[39m
- Has rx-comp: [33mfalse[39m
- All class names: [ [32m'rx-button'[39m, [32m'rx-container'[39m, [32m'rx-comp-div'[39m ]

 [31m├ù[39m packages/canvas-component/__tests__/export.css.debug.spec.ts[2m > [22mDebug CSS collection in export (migrated)[2m > [22mdebugs why cssClasses is not empty in export when classRefs provided[32m 31[2mms[22m[39m
[31m   ΓåÆ Cannot set properties of undefined (setting 'cssClasses')[39m
 [31m├ù[39m packages/library/__tests__/handlers.sequence-integration.spec.ts[2m > [22mlibrary.handlers - Two-Beat Sequence Integration[2m > [22mREAL SCENARIO: callback flows from loadComponents beat to notifyUi beat via ctx.payload[32m 24[2mms[22m[39m
[31m   ΓåÆ Cannot set properties of undefined (setting 'components')[39m
 [31m├ù[39m packages/library/__tests__/handlers.sequence-integration.spec.ts[2m > [22mlibrary.handlers - Two-Beat Sequence Integration[2m > [22mREAL SCENARIO: callback is preserved in ctx.payload after loadComponents[32m 3[2mms[22m[39m
[31m   ΓåÆ Cannot set properties of undefined (setting 'components')[39m
 [31m├ù[39m packages/canvas-component/__tests__/create.io.spec.ts[2m > [22mcanvas-component create.io[2m > [22mpersists node metadata to KV/cache[32m 21[2mms[22m[39m
[31m   ΓåÆ Missing nodeId/template in payload for IO registration[39m
 [32mΓ£ô[39m packages/canvas-component/__tests__/create.io.spec.ts[2m > [22mcanvas-component create.io[2m > [22mthrows when IO is accessed in a pure beat (guard example)[32m 6[2mms[22m[39m
 [31m├ù[39m packages/canvas-component/__tests__/export.css.collection.fix.spec.ts[2m > [22mCSS collection fix for classRefs vs classes mismatch (migrated)[2m > [22mcollects CSS from components with template.classRefs (current export format)[32m 27[2mms[22m[39m
[31m   ΓåÆ Cannot set properties of undefined (setting 'cssClasses')[39m
 [31m├ù[39m packages/canvas-component/__tests__/export.css.collection.fix.spec.ts[2m > [22mCSS collection fix for classRefs vs classes mismatch (migrated)[2m > [22mstill supports legacy components with classes property[32m 2[2mms[22m[39m
[31m   ΓåÆ Cannot set properties of undefined (setting 'cssClasses')[39m
 [31m├ù[39m packages/control-panel/__tests__/selection.package-notify.observer.spec.ts[2m > [22mControl Panel (package) selection notify -> EventRouter[2m > [22mpublishes control.panel.selection.updated via EventRouter when notifyUi runs[32m 26[2mms[22m[39m
[31m   ΓåÆ expected "spy" to be called 1 times, but got 0 times[39m
 [31m├ù[39m packages/canvas-component/__tests__/select.svg-node.overlay.spec.ts[2m > [22mSVG sub-node selection overlay (TDD)[2m > [22mpositions overlay over the target sub-element given a child-index path (e.g., '0/1/0')[32m 37[2mms[22m[39m
[31m   ΓåÆ Cannot set properties of undefined (setting 'template')[39m
 [31m├ù[39m packages/canvas-component/__tests__/create.svg.markup.spec.ts[2m > [22mSVG component (markup)[2m > [22mapplies svgMarkup as innerHTML on the <svg>[32m 31[2mms[22m[39m
[31m   ΓåÆ Cannot set properties of undefined (setting 'template')[39m
 [31m├ù[39m packages/control-panel/__tests__/ui-init.batched.spec.ts[2m > [22mControl Panel UI Init ΓÇö batched iterator[2m > [22mrecords sub-beat telemetry for the five init steps when run via iterator[32m 25[2mms[22m[39m
[31m   ΓåÆ Cannot set properties of undefined (setting 'configLoaded')[39m
 [31m├ù[39m packages/canvas-component/__tests__/create.svg.basic.spec.ts[2m > [22mSVG component (basic)[2m > [22mcreates an <svg.rx-svg> with non-scaling-stroke CSS and default attributes[32m 33[2mms[22m[39m
[31m   ΓåÆ Cannot set properties of undefined (setting 'template')[39m
 [31m├ù[39m packages/canvas-component/__tests__/resize.overlay-align.spec.ts[2m > [22mselection overlay remains aligned with component after resize (conductor)[2m > [22mkeeps overlay aligned with element's width/height after dragging SE handle[32m 34[2mms[22m[39m
[31m   ΓåÆ Cannot set properties of undefined (setting 'template')[39m
 [31m├ù[39m packages/canvas-component/__tests__/advanced-line.manip.handlers.spec.ts[2m > [22mAdvanced Line handlers ΓÇö moveLineManip[2m > [22mupdates endpoint A and recomputes line geometry[32m 32[2mms[22m[39m
[31m   ΓåÆ Cannot set properties of undefined (setting 'template')[39m
 [31m├ù[39m packages/canvas-component/__tests__/create.dom.spec.ts[2m > [22mcanvas-component create beat (DOM-only)[2m > [22mcreates a single element under #rx-canvas with text, position and dimensions[32m 28[2mms[22m[39m
[31m   ΓåÆ Cannot set properties of undefined (setting 'template')[39m
 [31m├ù[39m packages/canvas-component/__tests__/paste.interactions.spec.ts[2m > [22mpaste interactions attach and publish drag events[2m > [22mattaches onDragMove to payload passed into canvas.component.create and publishes {id, position}[32m 29[2mms[22m[39m
[31m   ΓåÆ expected null to be truthy[39m
 [32mΓ£ô[39m packages/canvas-component/__tests__/create.react.spec.ts[2m > [22mrenderReact handler[2m > [22mskips rendering for non-React components[32m 25[2mms[22m[39m
 [32mΓ£ô[39m packages/canvas-component/__tests__/create.react.spec.ts[2m > [22mrenderReact handler[2m > [22mwarns and returns early if nodeId is missing[32m 9[2mms[22m[39m
 [32mΓ£ô[39m packages/canvas-component/__tests__/create.react.spec.ts[2m > [22mrenderReact handler[2m > [22mwarns and returns early if React code is missing[32m 7[2mms[22m[39m
 [32mΓ£ô[39m packages/canvas-component/__tests__/create.react.spec.ts[2m > [22mrenderReact handler[2m > [22mrenders a simple React component with default export[32m 12[2mms[22m[39m
 [32mΓ£ô[39m packages/canvas-component/__tests__/create.react.spec.ts[2m > [22mrenderReact handler[2m > [22muses JSX transformer before evaluating React code[32m 7[2mms[22m[39m
 [32mΓ£ô[39m packages/canvas-component/__tests__/create.react.spec.ts[2m > [22mrenderReact handler[2m > [22mhandles compilation errors gracefully[32m 83[2mms[22m[39m
 [32mΓ£ô[39m packages/canvas-component/__tests__/create.react.spec.ts[2m > [22mrenderReact handler[2m > [22mhandles missing container element[32m 8[2mms[22m[39m
 [32mΓ£ô[39m packages/canvas-component/__tests__/create.react.spec.ts[2m > [22mrenderReact handler[2m > [22mcleans up existing React root before creating new one[32m 5[2mms[22m[39m
 [32mΓ£ô[39m packages/canvas-component/__tests__/create.react.spec.ts[2m > [22mrenderReact handler[2m > [22mhandles arrow function components[32m 5[2mms[22m[39m
 [32mΓ£ô[39m packages/canvas-component/__tests__/create.react.spec.ts[2m > [22mrenderReact handler[2m > [22mhandles function declarations without export[32m 4[2mms[22m[39m
 [32mΓ£ô[39m packages/canvas-component/__tests__/create.react.spec.ts[2m > [22mcleanupReactRoot[2m > [22mcleans up React root when it exists[32m 2[2mms[22m[39m
 [32mΓ£ô[39m packages/canvas-component/__tests__/create.react.spec.ts[2m > [22mcleanupReactRoot[2m > [22mhandles cleanup for non-existent roots gracefully[32m 0[2mms[22m[39m
 [32mΓ£ô[39m packages/canvas-component/__tests__/create.isolation.spec.ts[2m > [22mIsolation harness ΓÇö Canvas Component Create[2m > [22mcreates a div under #rx-canvas, persists via kv.put, and publishes created event[32m 224[2mms[22m[39m
 [32mΓ£ô[39m packages/canvas-component/__tests__/create.isolation.spec.ts[2m > [22mIsolation harness ΓÇö Canvas Component Create[2m > [22mcreates svg rx-line with child <line.segment> and non-scaling stroke[32m 24[2mms[22m[39m
 [32mΓ£ô[39m packages/canvas-component/__tests__/create.isolation.spec.ts[2m > [22mIsolation harness ΓÇö Canvas Component Create[2m > [22mrenders React template via startTransition; on error shows inline error instead of throwing[33m 324[2mms[22m[39m
 [32mΓ£ô[39m packages/canvas-component/__tests__/create.isolation.spec.ts[2m > [22mIsolation harness ΓÇö Canvas Component Create[2m > [22moptional: stress ΓÇö N parallel harnesses remain stable (no flakes)[32m 123[2mms[22m[39m
 [32mΓ£ô[39m packages/canvas-component/__tests__/exports.spec.ts[2m > [22m@renderx-plugins/canvas-component package exports[2m > [22mexposes a callable register() and deep symphony subpaths[33m 4689[2mms[22m[39m
 [32mΓ£ô[39m tests/plugin-tree-explorer.spec.tsx[2m > [22mPluginTreeExplorer[2m > [22mrenders the plugin tree explorer[32m 165[2mms[22m[39m
 [32mΓ£ô[39m tests/plugin-tree-explorer.spec.tsx[2m > [22mPluginTreeExplorer[2m > [22mdisplays plugin count badges[32m 38[2mms[22m[39m
 [32mΓ£ô[39m tests/plugin-tree-explorer.spec.tsx[2m > [22mPluginTreeExplorer[2m > [22mexpands and collapses plugin section[32m 97[2mms[22m[39m
 [32mΓ£ô[39m tests/plugin-tree-explorer.spec.tsx[2m > [22mPluginTreeExplorer[2m > [22mfilters plugins based on search term[32m 67[2mms[22m[39m
 [32mΓ£ô[39m tests/plugin-tree-explorer.spec.tsx[2m > [22mPluginTreeExplorer[2m > [22mcalls onSelectNode when a node is clicked[32m 88[2mms[22m[39m
 [32mΓ£ô[39m tests/plugin-tree-explorer.spec.tsx[2m > [22mPluginTreeExplorer[2m > [22mdisplays routes section with correct count[32m 30[2mms[22m[39m
 [32mΓ£ô[39m tests/plugin-tree-explorer.spec.tsx[2m > [22mPluginTreeExplorer[2m > [22mdisplays topics section with correct count[32m 26[2mms[22m[39m
 [32mΓ£ô[39m tests/plugin-tree-explorer.spec.tsx[2m > [22mPluginTreeExplorer[2m > [22mhandles empty data gracefully[32m 24[2mms[22m[39m
 [32mΓ£ô[39m tests/plugin-tree-explorer.spec.tsx[2m > [22mPluginTreeExplorer[2m > [22mfilters routes based on search term[32m 44[2mms[22m[39m
 [32mΓ£ô[39m tests/plugin-tree-explorer.spec.tsx[2m > [22mPluginTreeExplorer[2m > [22mfilters topics based on search term[32m 47[2mms[22m[39m
 [32mΓ£ô[39m tests/plugin-tree-explorer.spec.tsx[2m > [22mPluginTreeExplorer[2m > [22mmaintains selection state across interactions[32m 128[2mms[22m[39m
 [32mΓ£ô[39m tests/plugin-tree-explorer.spec.tsx[2m > [22mPluginTreeExplorer[2m > [22mPlugin-Level Nodes Expansion[2m > [22mshows plugin nodes as expandable[32m 21[2mms[22m[39m
 [32mΓ£ô[39m tests/plugin-tree-explorer.spec.tsx[2m > [22mPluginTreeExplorer[2m > [22mPlugin-Level Nodes Expansion[2m > [22mexpands plugin to show child nodes when clicked[32m 79[2mms[22m[39m
 [32mΓ£ô[39m tests/plugin-tree-explorer.spec.tsx[2m > [22mPluginTreeExplorer[2m > [22mPlugin-Level Nodes Expansion[2m > [22mshows only relevant child nodes based on plugin data[32m 53[2mms[22m[39m
 [32mΓ£ô[39m tests/plugin-tree-explorer.spec.tsx[2m > [22mPluginTreeExplorer[2m > [22mPlugin-Level Nodes Expansion[2m > [22mgenerates correct node IDs for child nodes[32m 101[2mms[22m[39m
 [32mΓ£ô[39m tests/plugin-tree-explorer.spec.tsx[2m > [22mPluginTreeExplorer[2m > [22mPlugin-Level Nodes Expansion[2m > [22mtoggles plugin expansion to show and hide child nodes[32m 62[2mms[22m[39m
 [32mΓ£ô[39m tests/plugin-tree-explorer.spec.tsx[2m > [22mPluginTreeExplorer[2m > [22mPlugin-Level Nodes Expansion[2m > [22mshows Routes child node only when plugin has routes[32m 55[2mms[22m[39m
 [32mΓ£ô[39m tests/plugin-tree-explorer.spec.tsx[2m > [22mPluginTreeExplorer[2m > [22mPlugin-Level Nodes Expansion[2m > [22mdoes not show Routes child node when plugin has no routes[32m 47[2mms[22m[39m
 [32mΓ£ô[39m tests/plugin-tree-explorer.spec.tsx[2m > [22mPluginTreeExplorer[2m > [22mPlugin-Level Nodes Expansion[2m > [22mhandles plugin with extended metadata fields[32m 135[2mms[22m[39m
 [32mΓ£ô[39m tests/inspection-panel.spec.tsx[2m > [22mInspectionPanel[2m > [22mEmpty State[2m > [22mshows empty state when no node is selected[32m 140[2mms[22m[39m
 [32mΓ£ô[39m tests/inspection-panel.spec.tsx[2m > [22mInspectionPanel[2m > [22mEmpty State[2m > [22mshows empty state when selectedNode is empty string[32m 21[2mms[22m[39m
 [32mΓ£ô[39m tests/inspection-panel.spec.tsx[2m > [22mInspectionPanel[2m > [22mNode Type Detection[2m > [22mdetects plugin-info node type[32m 240[2mms[22m[39m
 [32mΓ£ô[39m tests/inspection-panel.spec.tsx[2m > [22mInspectionPanel[2m > [22mNode Type Detection[2m > [22mdetects plugin node type[32m 10[2mms[22m[39m
 [32mΓ£ô[39m tests/inspection-panel.spec.tsx[2m > [22mInspectionPanel[2m > [22mNode Type Detection[2m > [22mdetects ui-config node type[32m 9[2mms[22m[39m
 [32mΓ£ô[39m tests/inspection-panel.spec.tsx[2m > [22mInspectionPanel[2m > [22mNode Type Detection[2m > [22mdetects runtime node type[32m 30[2mms[22m[39m
 [32mΓ£ô[39m tests/inspection-panel.spec.tsx[2m > [22mInspectionPanel[2m > [22mNode Type Detection[2m > [22mdetects topics node type[32m 7[2mms[22m[39m
 [32mΓ£ô[39m tests/inspection-panel.spec.tsx[2m > [22mInspectionPanel[2m > [22mNode Type Detection[2m > [22mdetects routes node type[32m 6[2mms[22m[39m
 [32mΓ£ô[39m tests/inspection-panel.spec.tsx[2m > [22mInspectionPanel[2m > [22mCallbacks[2m > [22mcalls onNavigate when provided[32m 33[2mms[22m[39m
 [32mΓ£ô[39m tests/inspection-panel.spec.tsx[2m > [22mInspectionPanel[2m > [22mCallbacks[2m > [22mcalls onAction when provided[32m 56[2mms[22m[39m
 [32mΓ£ô[39m tests/inspection-panel.spec.tsx[2m > [22mPluginInfoInspector[2m > [22mHeader[2m > [22mrenders plugin name[32m 66[2mms[22m[39m
 [32mΓ£ô[39m packages/canvas-component/__tests__/create.react.integration.spec.ts[2m > [22mReact Component Integration Tests[2m > [22mcreates a React component through the complete create sequence[32m 55[2mms[22m[39m
 [32mΓ£ô[39m packages/canvas-component/__tests__/create.react.integration.spec.ts[2m > [22mReact Component Integration Tests[2m > [22mhandles regular (non-React) components without React rendering[32m 36[2mms[22m[39m
 [32mΓ£ô[39m tests/inspection-panel.spec.tsx[2m > [22mPluginInfoInspector[2m > [22mHeader[2m > [22mrenders version[32m 43[2mms[22m[39m
 [32mΓ£ô[39m tests/inspection-panel.spec.tsx[2m > [22mPluginInfoInspector[2m > [22mHeader[2m > [22mrenders status[32m 39[2mms[22m[39m
 [32mΓ£ô[39m tests/inspection-panel.spec.tsx[2m > [22mPluginInfoInspector[2m > [22mHeader[2m > [22mrenders load time[32m 53[2mms[22m[39m
 [32mΓ£ô[39m packages/canvas-component/__tests__/create.react.integration.spec.ts[2m > [22mReact Component Integration Tests[2m > [22mhandles React component with complex JSX[32m 9[2mms[22m[39m
 [32mΓ£ô[39m packages/canvas-component/__tests__/create.react.integration.spec.ts[2m > [22mReact Component Integration Tests[2m > [22mhandles React component with syntax errors gracefully[32m 78[2mms[22m[39m
 [32mΓ£ô[39m packages/canvas-component/__tests__/create.react.integration.spec.ts[2m > [22mReact Component Integration Tests[2m > [22mcreates React component with custom positioning and styling[32m 7[2mms[22m[39m
 [32mΓ£ô[39m packages/canvas-component/__tests__/create.react.integration.spec.ts[2m > [22mReact Component Integration Tests[2m > [22msupports React component in container hierarchy[32m 11[2mms[22m[39m
 [32mΓ£ô[39m tests/inspection-panel.spec.tsx[2m > [22mPluginInfoInspector[2m > [22mHeader[2m > [22muses default values when data is missing[32m 41[2mms[22m[39m
 [32mΓ£ô[39m tests/inspection-panel.spec.tsx[2m > [22mPluginInfoInspector[2m > [22mOverview[2m > [22mrenders description[32m 39[2mms[22m[39m
 [32mΓ£ô[39m tests/inspection-panel.spec.tsx[2m > [22mPluginInfoInspector[2m > [22mOverview[2m > [22muses default description when not provided[32m 32[2mms[22m[39m
 [32mΓ£ô[39m tests/inspection-panel.spec.tsx[2m > [22mPluginInfoInspector[2m > [22mQuick Stats[2m > [22mrenders memory usage[32m 43[2mms[22m[39m
 [32mΓ£ô[39m tests/inspection-panel.spec.tsx[2m > [22mPluginInfoInspector[2m > [22mQuick Stats[2m > [22mrenders last activity[32m 33[2mms[22m[39m
 [32mΓ£ô[39m tests/inspection-panel.spec.tsx[2m > [22mPluginInfoInspector[2m > [22mQuick Stats[2m > [22mrenders elements created when greater than 0[32m 36[2mms[22m[39m
 [32mΓ£ô[39m tests/inspection-panel.spec.tsx[2m > [22mPluginInfoInspector[2m > [22mQuick Stats[2m > [22mrenders average response when greater than 0[32m 40[2mms[22m[39m
 [32mΓ£ô[39m tests/inspection-panel.spec.tsx[2m > [22mPluginInfoInspector[2m > [22mQuick Stats[2m > [22mdoes not render elements created when 0[32m 57[2mms[22m[39m
 [32mΓ£ô[39m tests/inspection-panel.spec.tsx[2m > [22mPluginInfoInspector[2m > [22mActions[2m > [22mrenders all action buttons[32m 61[2mms[22m[39m
 [32mΓ£ô[39m tests/inspection-panel.spec.tsx[2m > [22mPluginInfoInspector[2m > [22mActions[2m > [22mcalls onAction when Test Plugin is clicked[32m 71[2mms[22m[39m
 [32mΓ£ô[39m tests/inspection-panel.spec.tsx[2m > [22mPluginInfoInspector[2m > [22mActions[2m > [22mcalls onAction when Reload is clicked[32m 46[2mms[22m[39m
 [32mΓ£ô[39m tests/inspection-panel.spec.tsx[2m > [22mPluginInfoInspector[2m > [22mActions[2m > [22mlogs to console when onAction is not provided[32m 34[2mms[22m[39m
 [32mΓ£ô[39m tests/inspection-panel.spec.tsx[2m > [22mPluginInfoInspector[2m > [22mCollapsible Sections[2m > [22mrenders UI Configuration section when ui data exists[32m 34[2mms[22m[39m
 [32mΓ£ô[39m tests/inspection-panel.spec.tsx[2m > [22mPluginInfoInspector[2m > [22mCollapsible Sections[2m > [22mrenders Runtime Configuration section when runtime data exists[32m 35[2mms[22m[39m
 [32mΓ£ô[39m tests/inspection-panel.spec.tsx[2m > [22mPluginInfoInspector[2m > [22mCollapsible Sections[2m > [22mrenders Topics section when topics data exists[32m 40[2mms[22m[39m
 [32mΓ£ô[39m tests/inspection-panel.spec.tsx[2m > [22mPluginInfoInspector[2m > [22mCollapsible Sections[2m > [22mrenders Sequences section when sequences data exists[32m 37[2mms[22m[39m
 [32mΓ£ô[39m tests/inspection-panel.spec.tsx[2m > [22mPluginInfoInspector[2m > [22mCollapsible Sections[2m > [22mdoes not render sections when data is missing[32m 33[2mms[22m[39m
 [32mΓ£ô[39m tests/inspection-panel.spec.tsx[2m > [22mPluginInfoInspector[2m > [22mEdge Cases[2m > [22mhandles null plugin gracefully[32m 3[2mms[22m[39m
 [32mΓ£ô[39m tests/inspection-panel.spec.tsx[2m > [22mPluginInfoInspector[2m > [22mEdge Cases[2m > [22mhandles undefined plugin gracefully[32m 3[2mms[22m[39m
 [32mΓ£ô[39m packages/canvas-component/__tests__/selection-post-externalization.spec.ts[2m > [22mSelection after externalization - comprehensive tests[2m > [22mNon-SVG selection triggers both direct play and publish[2m > [22mshould handle button component selection end-to-end[33m 364[2mms[22m[39m
 [32mΓ£ô[39m packages/canvas-component/__tests__/selection-post-externalization.spec.ts[2m > [22mSelection after externalization - comprehensive tests[2m > [22mNon-SVG selection triggers both direct play and publish[2m > [22mshould handle container component selection[32m 69[2mms[22m[39m
 [32mΓ£ô[39m packages/canvas-component/__tests__/selection-post-externalization.spec.ts[2m > [22mSelection after externalization - comprehensive tests[2m > [22mNon-SVG selection triggers both direct play and publish[2m > [22mshould work when data.id is provided directly[32m 57[2mms[22m[39m
 [32mΓ£ô[39m packages/canvas-component/__tests__/selection-post-externalization.spec.ts[2m > [22mSelection after externalization - comprehensive tests[2m > [22mSVG selection regression check[2m > [22mshould handle SVG component selection without breaking existing behavior[32m 40[2mms[22m[39m
 [32mΓ£ô[39m packages/canvas-component/__tests__/selection-post-externalization.spec.ts[2m > [22mSelection after externalization - comprehensive tests[2m > [22mConductor scenarios[2m > [22mshould use useConductor fallback for notifyUi when ctx.conductor is missing[32m 31[2mms[22m[39m
 [32mΓ£ô[39m packages/canvas-component/__tests__/selection-id-derivation.spec.ts[2m > [22mSelection ID derivation and baton flow[2m > [22mshowSelectionOverlay ID derivation[2m > [22mderives ID from data.id when present[33m 381[2mms[22m[39m
 [32mΓ£ô[39m packages/canvas-component/__tests__/selection-post-externalization.spec.ts[2m > [22mSelection after externalization - comprehensive tests[2m > [22mConductor scenarios[2m > [22mshould pass undefined conductor for publishSelectionChanged when ctx.conductor is missing[32m 35[2mms[22m[39m
 [32mΓ£ô[39m packages/canvas-component/__tests__/selection-post-externalization.spec.ts[2m > [22mSelection after externalization - comprehensive tests[2m > [22mConductor scenarios[2m > [22mshould handle EventRouter.publish with undefined conductor gracefully[32m 27[2mms[22m[39m
 [32mΓ£ô[39m packages/canvas-component/__tests__/selection-post-externalization.spec.ts[2m > [22mSelection after externalization - comprehensive tests[2m > [22mRobust overlay dataset fallback[2m > [22mshould use overlay dataset as fallback when baton/data are empty[32m 26[2mms[22m[39m
 [32mΓ£ô[39m packages/canvas-component/__tests__/selection-id-derivation.spec.ts[2m > [22mSelection ID derivation and baton flow[2m > [22mshowSelectionOverlay ID derivation[2m > [22mderives ID from data.elementId when data.id is missing[32m 60[2mms[22m[39m
 [32mΓ£ô[39m packages/canvas-component/__tests__/selection-post-externalization.spec.ts[2m > [22mSelection after externalization - comprehensive tests[2m > [22mRobust overlay dataset fallback[2m > [22mshould prefer baton ID over overlay dataset when both are available[32m 50[2mms[22m[39m
 [32mΓ£ô[39m packages/canvas-component/__tests__/selection-post-externalization.spec.ts[2m > [22mSelection after externalization - comprehensive tests[2m > [22mRobust overlay dataset fallback[2m > [22mshould handle missing overlay gracefully[32m 31[2mms[22m[39m
 [32mΓ£ô[39m packages/canvas-component/__tests__/selection-post-externalization.spec.ts[2m > [22mSelection after externalization - comprehensive tests[2m > [22mEdge cases and error handling[2m > [22mshould handle missing ID gracefully[32m 26[2mms[22m[39m
 [32mΓ£ô[39m packages/canvas-component/__tests__/selection-post-externalization.spec.ts[2m > [22mSelection after externalization - comprehensive tests[2m > [22mEdge cases and error handling[2m > [22mshould handle EventRouter.publish errors gracefully[32m 19[2mms[22m[39m
 [32mΓ£ô[39m packages/canvas-component/__tests__/selection-id-derivation.spec.ts[2m > [22mSelection ID derivation and baton flow[2m > [22mshowSelectionOverlay ID derivation[2m > [22mderives ID from DOM target when data.id and data.elementId are missing[32m 54[2mms[22m[39m
 [32mΓ£ô[39m packages/canvas-component/__tests__/selection-id-derivation.spec.ts[2m > [22mSelection ID derivation and baton flow[2m > [22mshowSelectionOverlay ID derivation[2m > [22mderives ID from nested DOM target using closest('.rx-comp')[32m 37[2mms[22m[39m
 [32mΓ£ô[39m packages/canvas-component/__tests__/selection-id-derivation.spec.ts[2m > [22mSelection ID derivation and baton flow[2m > [22mshowSelectionOverlay ID derivation[2m > [22mreturns empty object when no ID can be derived[32m 30[2mms[22m[39m
 [32mΓ£ô[39m packages/canvas-component/__tests__/selection-id-derivation.spec.ts[2m > [22mSelection ID derivation and baton flow[2m > [22mshowSelectionOverlay ID derivation[2m > [22mreturns empty object when element with derived ID doesn't exist in DOM[32m 35[2mms[22m[39m
 [32mΓ£ô[39m packages/canvas-component/__tests__/selection-id-derivation.spec.ts[2m > [22mSelection ID derivation and baton flow[2m > [22mnotifyUi with baton fallback[2m > [22muses data.id when present[32m 27[2mms[22m[39m
 [32mΓ£ô[39m packages/canvas-component/__tests__/selection-id-derivation.spec.ts[2m > [22mSelection ID derivation and baton flow[2m > [22mnotifyUi with baton fallback[2m > [22mfalls back to ctx.baton.id when data.id is missing[32m 26[2mms[22m[39m
 [32mΓ£ô[39m packages/canvas-component/__tests__/selection-id-derivation.spec.ts[2m > [22mSelection ID derivation and baton flow[2m > [22mnotifyUi with baton fallback[2m > [22mfalls back to ctx.baton.elementId when data.id and baton.id are missing[32m 46[2mms[22m[39m
 [32mΓ£ô[39m packages/canvas-component/__tests__/selection-id-derivation.spec.ts[2m > [22mSelection ID derivation and baton flow[2m > [22mnotifyUi with baton fallback[2m > [22mfalls back to ctx.baton.selectedId when other IDs are missing[32m 29[2mms[22m[39m
 [32mΓ£ô[39m packages/canvas-component/__tests__/selection-id-derivation.spec.ts[2m > [22mSelection ID derivation and baton flow[2m > [22mnotifyUi with baton fallback[2m > [22mdoes not call play when no ID is available[32m 27[2mms[22m[39m
 [32mΓ£ô[39m packages/canvas-component/__tests__/selection-id-derivation.spec.ts[2m > [22mSelection ID derivation and baton flow[2m > [22mpublishSelectionChanged with baton[2m > [22mpublishes topic with baton.id[32m 27[2mms[22m[39m
 [32mΓ£ô[39m packages/canvas-component/__tests__/selection-id-derivation.spec.ts[2m > [22mSelection ID derivation and baton flow[2m > [22mpublishSelectionChanged with baton[2m > [22mpublishes topic with baton.elementId when baton.id is missing[32m 19[2mms[22m[39m
 [32mΓ£ô[39m packages/canvas-component/__tests__/selection-id-derivation.spec.ts[2m > [22mSelection ID derivation and baton flow[2m > [22mpublishSelectionChanged with baton[2m > [22mpublishes topic with baton.selectedId when other IDs are missing[32m 23[2mms[22m[39m
 [32mΓ£ô[39m packages/canvas-component/__tests__/selection-id-derivation.spec.ts[2m > [22mSelection ID derivation and baton flow[2m > [22mpublishSelectionChanged with baton[2m > [22mdoes not publish when no ID is available in baton[32m 20[2mms[22m[39m
 [32mΓ£ô[39m packages/canvas-component/__tests__/selection-id-derivation.spec.ts[2m > [22mSelection ID derivation and baton flow[2m > [22mEnd-to-end selection flow[2m > [22mworks for button component selection via DOM target[32m 30[2mms[22m[39m
 [32mΓ£ô[39m packages/canvas-component/__tests__/selection-id-derivation.spec.ts[2m > [22mSelection ID derivation and baton flow[2m > [22mEnd-to-end selection flow[2m > [22mworks for SVG component selection[32m 34[2mms[22m[39m
 [32mΓ£ô[39m packages/canvas-component/__tests__/allowed-imports.spec.ts[2m > [22m@renderx-plugins/canvas-component: allowed-imports rule[2m > [22mallows relative and approved bare imports[33m 9639[2mms[22m[39m
 [32mΓ£ô[39m packages/canvas-component/__tests__/allowed-imports.spec.ts[2m > [22m@renderx-plugins/canvas-component: allowed-imports rule[2m > [22mflags disallowed bare imports[32m 21[2mms[22m[39m
 [32mΓ£ô[39m packages/canvas-component/__tests__/lint.guardrails.spec.ts[2m > [22m@renderx-plugins/canvas-component: ESLint guardrails[2m > [22msrc is clean under local ESLint config[33m 11483[2mms[22m[39m
 [32mΓ£ô[39m packages/canvas-component/__tests__/lint.guardrails.spec.ts[2m > [22m@renderx-plugins/canvas-component: ESLint guardrails[2m > [22mforbids repo-relative/cross-plugin imports (except temporary shims)[32m 37[2mms[22m[39m
 [32mΓ£ô[39m packages/canvas-component/__tests__/selection.overlay.advanced.handlers.spec.ts[2m > [22madvanced selection/overlay handlers batch[2m > [22mgetCanvasRect returns patched bounding client rect values[32m 21[2mms[22m[39m
 [32mΓ£ô[39m packages/canvas-component/__tests__/selection.overlay.advanced.handlers.spec.ts[2m > [22madvanced selection/overlay handlers batch[2m > [22mapplyOverlayRectForEl uses inline style dimensions when present[32m 45[2mms[22m[39m
 [32mΓ£ô[39m packages/canvas-component/__tests__/selection.overlay.advanced.handlers.spec.ts[2m > [22madvanced selection/overlay handlers batch[2m > [22mcreateOverlayStructure creates advanced line overlay with handles a & b[32m 18[2mms[22m[39m
 [32mΓ£ô[39m packages/canvas-component/__tests__/selection.overlay.advanced.handlers.spec.ts[2m > [22madvanced selection/overlay handlers batch[2m > [22mresolveEndpoints returns endpoints from line segment in viewBox space[32m 127[2mms[22m[39m
 [32mΓ£ô[39m packages/canvas-component/__tests__/selection.overlay.advanced.handlers.spec.ts[2m > [22madvanced selection/overlay handlers batch[2m > [22mensureAdvancedLineOverlayFor positions overlay and places handles within overlay bounds[32m 35[2mms[22m[39m
 [32mΓ£ô[39m packages/canvas-component/__tests__/selection.overlay.advanced.handlers.spec.ts[2m > [22madvanced selection/overlay handlers batch[2m > [22mattachAdvancedLineManipHandlers updates CSS vars and recomputes endpoints on move[32m 64[2mms[22m[39m
 [32mΓ£ô[39m packages/canvas-component/__tests__/selection.overlay.advanced.handlers.spec.ts[2m > [22madvanced selection/overlay handlers batch[2m > [22mattachResizeHandlers publishes start/move/end events via EventRouter[32m 16[2mms[22m[39m
 [32mΓ£ô[39m packages/canvas-component/__tests__/selection.overlay.advanced.handlers.spec.ts[2m > [22madvanced selection/overlay handlers batch[2m > [22minitConductor returns conductor and registerAllSequences populates handlers[32m 4[2mms[22m[39m
 [32mΓ£ô[39m packages/canvas-component/__tests__/selection.overlay.advanced.handlers.spec.ts[2m > [22madvanced selection/overlay handlers batch[2m > [22mloadJsonSequenceCatalogs adds handlers keyed by plugin IDs[32m 6[2mms[22m[39m
 [32mΓ£ô[39m packages/library/__tests__/ChatWindow.modal.spec.tsx[2m > [22mChatWindow Modal Behavior[2m > [22mshould render nothing when isOpen is false[32m 49[2mms[22m[39m
 [32mΓ£ô[39m packages/control-panel/__tests__/bidirectional-sync.spec.ts[2m > [22mControl Panel: Bidirectional Sync (Auto-generated Tests)[2m > [22mbutton component[2m > [22mshould extract correct variant when selecting element[32m 166[2mms[22m[39m
 [32mΓ£ô[39m packages/control-panel/__tests__/bidirectional-sync.spec.ts[2m > [22mControl Panel: Bidirectional Sync (Auto-generated Tests)[2m > [22mbutton component[2m > [22mshould extract updated variant after DOM class changes[32m 22[2mms[22m[39m
 [32mΓ£ô[39m packages/control-panel/__tests__/bidirectional-sync.spec.ts[2m > [22mControl Panel: Bidirectional Sync (Auto-generated Tests)[2m > [22mbutton component[2m > [22mshould extract correct size when selecting element[32m 21[2mms[22m[39m
 [32mΓ£ô[39m packages/control-panel/__tests__/bidirectional-sync.spec.ts[2m > [22mControl Panel: Bidirectional Sync (Auto-generated Tests)[2m > [22mbutton component[2m > [22mshould extract updated size after DOM class changes[32m 23[2mms[22m[39m
 [32mΓ£ô[39m packages/control-panel/__tests__/bidirectional-sync.spec.ts[2m > [22mControl Panel: Bidirectional Sync (Auto-generated Tests)[2m > [22mheading component[2m > [22mshould extract correct level when selecting element[32m 21[2mms[22m[39m
 [32mΓ£ô[39m packages/control-panel/__tests__/bidirectional-sync.spec.ts[2m > [22mControl Panel: Bidirectional Sync (Auto-generated Tests)[2m > [22mheading component[2m > [22mshould extract updated level after DOM class changes[32m 7[2mms[22m[39m
 [32mΓ£ô[39m packages/canvas-component/__tests__/react-component.spec.ts[2m > [22mReact Component Rendering[2m > [22mshould render React component successfully[32m 176[2mms[22m[39m
 [32mΓ£ô[39m packages/canvas-component/__tests__/react-component.spec.ts[2m > [22mReact Component Rendering[2m > [22mshould publish componentMounted event[32m 27[2mms[22m[39m
 [32mΓ£ô[39m packages/library/__tests__/ChatWindow.modal.spec.tsx[2m > [22mChatWindow Modal Behavior[2m > [22mshould render modal backdrop when isOpen is true[32m 86[2mms[22m[39m
 [32mΓ£ô[39m packages/library/__tests__/ChatWindow.modal.spec.tsx[2m > [22mChatWindow Modal Behavior[2m > [22mshould render chat window when isOpen is true[32m 26[2mms[22m[39m
 [32mΓ£ô[39m packages/library/__tests__/ChatWindow.modal.spec.tsx[2m > [22mChatWindow Modal Behavior[2m > [22mshould close modal when backdrop is clicked[32m 32[2mms[22m[39m
 [32mΓ£ô[39m packages/library/__tests__/ChatWindow.modal.spec.tsx[2m > [22mChatWindow Modal Behavior[2m > [22mshould close modal when close button is clicked[32m 24[2mms[22m[39m
 [32mΓ£ô[39m packages/control-panel/__tests__/bidirectional-sync.spec.ts[2m > [22mControl Panel: Bidirectional Sync (Auto-generated Tests)[2m > [22mimage component[2m > [22mshould extract correct variant when selecting element[32m 10[2mms[22m[39m
 [32mΓ£ô[39m packages/control-panel/__tests__/bidirectional-sync.spec.ts[2m > [22mControl Panel: Bidirectional Sync (Auto-generated Tests)[2m > [22mimage component[2m > [22mshould extract updated variant after DOM class changes[32m 10[2mms[22m[39m
 [32mΓ£ô[39m packages/control-panel/__tests__/bidirectional-sync.spec.ts[2m > [22mControl Panel: Bidirectional Sync (Auto-generated Tests)[2m > [22minput component[2m > [22mshould extract correct variant when selecting element[32m 19[2mms[22m[39m
 [32mΓ£ô[39m packages/control-panel/__tests__/bidirectional-sync.spec.ts[2m > [22mControl Panel: Bidirectional Sync (Auto-generated Tests)[2m > [22minput component[2m > [22mshould extract updated variant after DOM class changes[32m 17[2mms[22m[39m
 [32mΓ£ô[39m packages/control-panel/__tests__/bidirectional-sync.spec.ts[2m > [22mControl Panel: Bidirectional Sync (Auto-generated Tests)[2m > [22mparagraph component[2m > [22mshould extract correct variant when selecting element[32m 12[2mms[22m[39m
 [32mΓ£ô[39m packages/control-panel/__tests__/bidirectional-sync.spec.ts[2m > [22mControl Panel: Bidirectional Sync (Auto-generated Tests)[2m > [22mparagraph component[2m > [22mshould extract updated variant after DOM class changes[32m 8[2mms[22m[39m
 [32mΓ£ô[39m packages/control-panel/__tests__/bidirectional-sync.spec.ts[2m > [22mControl Panel: Bidirectional Sync (Auto-generated Tests)[2m > [22mshould preserve fast path for drag/resize operations[32m 14[2mms[22m[39m
 [32mΓ£ô[39m packages/canvas-component/__tests__/react-component.spec.ts[2m > [22mReact Component Rendering[2m > [22mshould handle React code with props[32m 113[2mms[22m[39m
 [32mΓ£ô[39m packages/library/__tests__/ChatWindow.modal.spec.tsx[2m > [22mChatWindow Modal Behavior[2m > [22mshould close modal when ESC key is pressed[32m 30[2mms[22m[39m
 [32mΓ£ô[39m packages/library/__tests__/ChatWindow.modal.spec.tsx[2m > [22mChatWindow Modal Behavior[2m > [22mshould have proper z-index layering[32m 41[2mms[22m[39m
 [32mΓ£ô[39m packages/library/__tests__/ChatWindow.modal.spec.tsx[2m > [22mChatWindow Modal Behavior[2m > [22mshould center the modal on screen using CSS transform[32m 23[2mms[22m[39m
 [32mΓ£ô[39m packages/library/__tests__/ChatWindow.modal.spec.tsx[2m > [22mChatWindow Modal Behavior[2m > [22mshould have backdrop with semi-transparent background[32m 24[2mms[22m[39m
 [32mΓ£ô[39m packages/library/__tests__/ChatWindow.modal.spec.tsx[2m > [22mChatWindow Modal Behavior[2m > [22mshould render both backdrop and window in a fragment[32m 30[2mms[22m[39m
 [32mΓ£ô[39m packages/canvas-component/__tests__/react-component.spec.ts[2m > [22mReact Component Rendering[2m > [22mshould handle compilation errors gracefully[32m 116[2mms[22m[39m
 [32mΓ£ô[39m packages/canvas-component/__tests__/react-component.spec.ts[2m > [22mReact Component Rendering[2m > [22mshould cleanup React roots on deletion[32m 34[2mms[22m[39m
 [32mΓ£ô[39m packages/canvas-component/__tests__/react-component.spec.ts[2m > [22mReact Component Rendering[2m > [22mshould expose EventRouter to React components[32m 3[2mms[22m[39m
 [32mΓ£ô[39m packages/canvas-component/__tests__/react-component.spec.ts[2m > [22mReact Component Rendering[2m > [22mshould allow React components to publish events[32m 4[2mms[22m[39m
 [32mΓ£ô[39m packages/canvas-component/__tests__/react-component.spec.ts[2m > [22mReact Component Rendering[2m > [22mshould skip rendering if kind is not react[32m 3[2mms[22m[39m
 [32mΓ£ô[39m packages/canvas-component/__tests__/react-component.spec.ts[2m > [22mReact Component Rendering[2m > [22mshould handle missing container gracefully[32m 9[2mms[22m[39m
 [32mΓ£ô[39m tests/inspection-components.spec.tsx[2m > [22mInspection Components[2m > [22mJSONViewer[2m > [22mrenders JSON data[32m 107[2mms[22m[39m
 [32mΓ£ô[39m tests/inspection-components.spec.tsx[2m > [22mInspection Components[2m > [22mJSONViewer[2m > [22mrenders with title[32m 30[2mms[22m[39m
 [32mΓ£ô[39m tests/inspection-components.spec.tsx[2m > [22mInspection Components[2m > [22mJSONViewer[2m > [22mcollapses and expands when toggle is clicked[32m 46[2mms[22m[39m
 [32mΓ£ô[39m tests/inspection-components.spec.tsx[2m > [22mInspection Components[2m > [22mJSONViewer[2m > [22mcopies JSON to clipboard when copy button is clicked[32m 37[2mms[22m[39m
 [32mΓ£ô[39m tests/inspection-components.spec.tsx[2m > [22mInspection Components[2m > [22mJSONViewer[2m > [22mshows check icon after successful copy[32m 25[2mms[22m[39m
 [32mΓ£ô[39m tests/inspection-components.spec.tsx[2m > [22mInspection Components[2m > [22mCodeBlock[2m > [22mrenders code[32m 7[2mms[22m[39m
 [32mΓ£ô[39m tests/inspection-components.spec.tsx[2m > [22mInspection Components[2m > [22mCodeBlock[2m > [22mrenders with title and language[32m 10[2mms[22m[39m
 [32mΓ£ô[39m tests/inspection-components.spec.tsx[2m > [22mInspection Components[2m > [22mCodeBlock[2m > [22mcopies code to clipboard when copy button is clicked[32m 19[2mms[22m[39m
 [32mΓ£ô[39m tests/inspection-components.spec.tsx[2m > [22mInspection Components[2m > [22mActionButton[2m > [22mrenders with label[32m 6[2mms[22m[39m
 [32mΓ£ô[39m tests/inspection-components.spec.tsx[2m > [22mInspection Components[2m > [22mActionButton[2m > [22mrenders with icon[32m 5[2mms[22m[39m
 [32mΓ£ô[39m tests/inspection-components.spec.tsx[2m > [22mInspection Components[2m > [22mActionButton[2m > [22mcalls onClick when clicked[32m 6[2mms[22m[39m
 [32mΓ£ô[39m tests/inspection-components.spec.tsx[2m > [22mInspection Components[2m > [22mActionButton[2m > [22mdoes not call onClick when disabled[32m 6[2mms[22m[39m
 [32mΓ£ô[39m tests/inspection-components.spec.tsx[2m > [22mInspection Components[2m > [22mActionButton[2m > [22mshows loading spinner when loading[32m 11[2mms[22m[39m
 [32mΓ£ô[39m tests/inspection-components.spec.tsx[2m > [22mInspection Components[2m > [22mActionButton[2m > [22mapplies variant classes[32m 6[2mms[22m[39m
 [32mΓ£ô[39m tests/inspection-components.spec.tsx[2m > [22mInspection Components[2m > [22mActionButton[2m > [22mapplies size classes[32m 4[2mms[22m[39m
 [32mΓ£ô[39m tests/inspection-components.spec.tsx[2m > [22mInspection Components[2m > [22mRelativeTime[2m > [22mrenders "just now" for recent timestamps[32m 75[2mms[22m[39m
 [32mΓ£ô[39m tests/inspection-components.spec.tsx[2m > [22mInspection Components[2m > [22mRelativeTime[2m > [22mrenders minutes ago[32m 5[2mms[22m[39m
 [32mΓ£ô[39m tests/inspection-components.spec.tsx[2m > [22mInspection Components[2m > [22mRelativeTime[2m > [22mrenders hours ago[32m 4[2mms[22m[39m
 [32mΓ£ô[39m tests/inspection-components.spec.tsx[2m > [22mInspection Components[2m > [22mRelativeTime[2m > [22mshows absolute time in title attribute[32m 5[2mms[22m[39m
 [32mΓ£ô[39m tests/inspection-components.spec.tsx[2m > [22mInspection Components[2m > [22mCollapsibleSection[2m > [22mrenders with title[32m 7[2mms[22m[39m
 [32mΓ£ô[39m tests/inspection-components.spec.tsx[2m > [22mInspection Components[2m > [22mCollapsibleSection[2m > [22mrenders children when expanded[32m 5[2mms[22m[39m
 [32mΓ£ô[39m tests/inspection-components.spec.tsx[2m > [22mInspection Components[2m > [22mCollapsibleSection[2m > [22mhides children when collapsed[32m 5[2mms[22m[39m
 [32mΓ£ô[39m tests/inspection-components.spec.tsx[2m > [22mInspection Components[2m > [22mCollapsibleSection[2m > [22mtoggles expansion when header is clicked[32m 8[2mms[22m[39m
 [32mΓ£ô[39m tests/inspection-components.spec.tsx[2m > [22mInspection Components[2m > [22mCollapsibleSection[2m > [22mrenders badge when provided[32m 5[2mms[22m[39m
 [32mΓ£ô[39m tests/inspection-components.spec.tsx[2m > [22mInspection Components[2m > [22mCollapsibleSection[2m > [22mrenders icon when provided[32m 7[2mms[22m[39m
 [32mΓ£ô[39m packages/canvas-component/__tests__/export-import.content.spec.ts[2m > [22mcanvas-component export/import content preservation (migrated)[2m > [22mshould export and import button content correctly[32m 257[2mms[22m[39m
 [32mΓ£ô[39m packages/canvas-component/__tests__/export.stage-crew.spec.ts[2m > [22mcanvas-component export.stage-crew[2m > [22mcollectLayoutData[2m > [22mshould collect layout data from DOM elements[32m 213[2mms[22m[39m
 [32mΓ£ô[39m packages/canvas-component/__tests__/export.stage-crew.spec.ts[2m > [22mcanvas-component export.stage-crew[2m > [22mcollectLayoutData[2m > [22mshould handle missing DOM elements gracefully[32m 19[2mms[22m[39m
 [32mΓ£ô[39m packages/canvas-component/__tests__/export.stage-crew.spec.ts[2m > [22mcanvas-component export.stage-crew[2m > [22mcollectLayoutData[2m > [22mshould handle missing canvas container[32m 6[2mms[22m[39m
 [32mΓ£ô[39m packages/canvas-component/__tests__/export.stage-crew.spec.ts[2m > [22mcanvas-component export.stage-crew[2m > [22mcollectLayoutData[2m > [22mshould parse CSS transform values[32m 27[2mms[22m[39m
 [32mΓ£ô[39m packages/canvas-component/__tests__/export.stage-crew.spec.ts[2m > [22mcanvas-component export.stage-crew[2m > [22mcollectLayoutData[2m > [22mshould collect canvas metadata[32m 12[2mms[22m[39m
 [32mΓ£ô[39m packages/canvas-component/__tests__/export.stage-crew.spec.ts[2m > [22mcanvas-component export.stage-crew[2m > [22mcollectLayoutData[2m > [22mshould handle elements with getBoundingClientRect[32m 13[2mms[22m[39m
 [32mΓ£ô[39m packages/canvas-component/__tests__/import.nesting.spec.ts[2m > [22mcanvas-component import: nested structures[2m > [22mimports container inside container[32m 112[2mms[22m[39m
 [32mΓ£ô[39m packages/canvas-component/__tests__/import.nesting.spec.ts[2m > [22mcanvas-component import: nested structures[2m > [22mimports grandchild component in nested container[32m 21[2mms[22m[39m
 [32mΓ£ô[39m packages/canvas-component/__tests__/export.integration.dom-scan.spec.ts[2m > [22mcanvas-component export integration (DOM scan fallback)[2m > [22mshould fallback to DOM scanning when KV store is empty but components exist in DOM[32m 288[2mms[22m[39m
 [32mΓ£ô[39m packages/canvas-component/__tests__/export.integration.basic.spec.ts[2m > [22mcanvas-component export integration (basic)[2m > [22mshould complete full export flow successfully[32m 242[2mms[22m[39m
 [32mΓ£ô[39m packages/canvas-component/__tests__/export.integration.basic.spec.ts[2m > [22mcanvas-component export integration (basic)[2m > [22mshould handle missing components gracefully[32m 28[2mms[22m[39m
 [32mΓ£ô[39m packages/canvas-component/__tests__/import.integration.spec.ts[2m > [22mcanvas-component import integration (migrated)[2m > [22mimports UI file: injects css, creates DOM hierarchy, applies layout, registers KV[32m 146[2mms[22m[39m
 [32mΓ£ô[39m packages/control-panel/__tests__/heading-level-sync.spec.ts[2m > [22mControl Panel: Heading Level Sync (Issue #50)[2m > [22mshould extract correct heading level when selecting a heading element[32m 175[2mms[22m[39m
 [32mΓ£ô[39m packages/control-panel/__tests__/heading-level-sync.spec.ts[2m > [22mControl Panel: Heading Level Sync (Issue #50)[2m > [22mshould extract updated heading level after class change[32m 22[2mms[22m[39m
 [32mΓ£ô[39m packages/control-panel/__tests__/heading-level-sync.spec.ts[2m > [22mControl Panel: Heading Level Sync (Issue #50)[2m > [22mshould handle heading level extraction from tagName when no class variant[32m 48[2mms[22m[39m
 [32mΓ£ô[39m packages/control-panel/__tests__/heading-level-sync.spec.ts[2m > [22mControl Panel: Heading Level Sync (Issue #50)[2m > [22mshould preserve fast path for drag/resize operations[32m 28[2mms[22m[39m
 [32mΓ£ô[39m packages/canvas-component/__tests__/selection.overlay.line.handlers.spec.ts[2m > [22mline overlay + resize handlers[2m > [22mensureLineOverlayFor creates overlay with endpoints positioned from CSS vars[32m 177[2mms[22m[39m
 [32mΓ£ô[39m packages/canvas-component/__tests__/selection.overlay.line.handlers.spec.ts[2m > [22mline overlay + resize handlers[2m > [22mattachLineResizeHandlers publishes start/move/end via EventRouter when conductor is provided[32m 34[2mms[22m[39m
 [32mΓ£ô[39m packages/canvas-component/__tests__/selection.overlay.line.handlers.spec.ts[2m > [22mline overlay + resize handlers[2m > [22mattachLineResizeHandlers falls back to CSS var updates when conductor is absent[32m 20[2mms[22m[39m
 [2m[90mΓåô[39m[22m packages/canvas-component/__tests__/copy-paste.spec.ts[2m > [22mcanvas-component copy/paste[2m > [22mserializes selected component and writes to clipboard on copy
 [2m[90mΓåô[39m[22m packages/canvas-component/__tests__/copy-paste.spec.ts[2m > [22mcanvas-component copy/paste[2m > [22mreads from clipboard and creates a pasted component at +20/+20 offset
 [32mΓ£ô[39m packages/canvas-component/__tests__/copy-paste.spec.ts[2m > [22mcanvas-component copy/paste[2m > [22mfalls back to in-memory clipboard when system clipboard is empty[32m 155[2mms[22m[39m
 [32mΓ£ô[39m packages/canvas-component/__tests__/copy-paste.spec.ts[2m > [22mcanvas-component copy/paste[2m > [22mfalls back to persisted clipboard when system clipboard is empty[32m 20[2mms[22m[39m
 [32mΓ£ô[39m packages/control-panel/__tests__/integration.end-to-end.spec.ts[2m > [22mControl Panel Integration - End to End[2m > [22mcomplete flow: create element ΓåÆ select ΓåÆ control panel updates ΓåÆ add class ΓåÆ UI updates[32m 233[2mms[22m[39m
 [32mΓ£ô[39m packages/canvas-component/__tests__/export.integration.structure.spec.ts[2m > [22mcanvas-component export integration (structure)[2m > [22mshould produce valid UI file structure[32m 213[2mms[22m[39m
[90mstderr[2m | packages/control-panel/__tests__/dark-mode-form-controls.spec.tsx[2m 
> [22m[2mControl Panel Dark Mode Form Controls[2m > [22m[2mproperty-input has 
correct CSS classes and attributes
[22m[39mThe current testing environment is not configured to support act(...)

[90mstderr[2m | packages/control-panel/__tests__/dark-mode-form-controls.spec.tsx[2m 
> [22m[2mControl Panel Dark Mode Form Controls[2m > [22m[2mproperty-select has 
correct CSS classes and options
[22m[39mThe current testing environment is not configured to support act(...)

[90mstderr[2m | packages/control-panel/__tests__/dark-mode-form-controls.spec.tsx[2m 
> [22m[2mControl Panel Dark Mode Form Controls[2m > [22m[2mselect options inherit 
dark theme styling
[22m[39mThe current testing environment is not configured to support act(...)

[90mstderr[2m | packages/control-panel/__tests__/dark-mode-form-controls.spec.tsx[2m 
> [22m[2mControl Panel Dark Mode Form Controls[2m > [22m[2mproperty-checkbox label 
uses theme colors
[22m[39mThe current testing environment is not configured to support act(...)

[90mstderr[2m | packages/control-panel/__tests__/dark-mode-form-controls.spec.tsx[2m 
> [22m[2mControl Panel Dark Mode Form Controls[2m > [22m[2mcheckbox-text class 
uses theme colors
[22m[39mThe current testing environment is not configured to support act(...)

 [32mΓ£ô[39m packages/control-panel/__tests__/dark-mode-form-controls.spec.tsx[2m > [22mControl Panel Dark Mode Form Controls[2m > [22mproperty-input has correct CSS classes and attributes[32m 100[2mms[22m[39m
 [32mΓ£ô[39m packages/control-panel/__tests__/dark-mode-form-controls.spec.tsx[2m > [22mControl Panel Dark Mode Form Controls[2m > [22mproperty-select has correct CSS classes and options[32m 27[2mms[22m[39m
 [32mΓ£ô[39m packages/control-panel/__tests__/dark-mode-form-controls.spec.tsx[2m > [22mControl Panel Dark Mode Form Controls[2m > [22mselect options inherit dark theme styling[32m 17[2mms[22m[39m
 [32mΓ£ô[39m packages/control-panel/__tests__/dark-mode-form-controls.spec.tsx[2m > [22mControl Panel Dark Mode Form Controls[2m > [22mproperty-checkbox label uses theme colors[32m 37[2mms[22m[39m
 [32mΓ£ô[39m packages/control-panel/__tests__/dark-mode-form-controls.spec.tsx[2m > [22mControl Panel Dark Mode Form Controls[2m > [22mcheckbox-text class uses theme colors[32m 12[2mms[22m[39m
 [32mΓ£ô[39m packages/control-panel/__tests__/api.control-panel.state.update.refresh.spec.ts[2m > [22mcontrol-panel state/update/refresh handlers (public API)[2m > [22msetDirty marks isDirty with timestamp[32m 17[2mms[22m[39m
 [32mΓ£ô[39m packages/control-panel/__tests__/api.control-panel.state.update.refresh.spec.ts[2m > [22mcontrol-panel state/update/refresh handlers (public API)[2m > [22mawaitRefresh sets refreshAwaited flag[32m 4[2mms[22m[39m
 [32mΓ£ô[39m packages/control-panel/__tests__/api.control-panel.state.update.refresh.spec.ts[2m > [22mcontrol-panel state/update/refresh handlers (public API)[2m > [22mupdateView sets viewUpdated and timestamp[32m 4[2mms[22m[39m
 [32mΓ£ô[39m packages/control-panel/__tests__/api.control-panel.state.update.refresh.spec.ts[2m > [22mcontrol-panel state/update/refresh handlers (public API)[2m > [22mtoggleSection marks sectionToggled with provided id[32m 3[2mms[22m[39m
 [32mΓ£ô[39m packages/control-panel/__tests__/api.control-panel.state.update.refresh.spec.ts[2m > [22mcontrol-panel state/update/refresh handlers (public API)[2m > [22mtoggleSection error path sets sectionToggled false and error[32m 3[2mms[22m[39m
 [32mΓ£ô[39m packages/control-panel/__tests__/api.control-panel.state.update.refresh.spec.ts[2m > [22mcontrol-panel state/update/refresh handlers (public API)[2m > [22mupdateFromElement builds full selectionModel (non-drag) with classes[32m 157[2mms[22m[39m
 [32mΓ£ô[39m packages/control-panel/__tests__/api.control-panel.state.update.refresh.spec.ts[2m > [22mcontrol-panel state/update/refresh handlers (public API)[2m > [22mupdateFromElement drag path uses forwarded position/size and minimal model[32m 12[2mms[22m[39m
 [32mΓ£ô[39m packages/canvas/__tests__/canvas.ui.header.spec.tsx[2m > [22mCanvasHeader interactions[2m > [22mexports canvas via conductor.play when clicking ≡ƒÆ╛[32m 128[2mms[22m[39m
 [32mΓ£ô[39m packages/canvas/__tests__/canvas.ui.header.spec.tsx[2m > [22mCanvasHeader interactions[2m > [22mpublishes import request via EventRouter when clicking ≡ƒôé[32m 19[2mms[22m[39m
 [32mΓ£ô[39m packages/canvas/__tests__/canvas.ui.header.spec.tsx[2m > [22mCanvasHeader interactions[2m > [22menables and routes GIF/MP4 export after selection change[32m 112[2mms[22m[39m
 [32mΓ£ô[39m packages/control-panel/__tests__/api.control-panel.selection.derive.spec.ts[2m > [22mcontrol-panel selection deriveSelectionModel handler (public API)[2m > [22mreturns null selectionModel when id missing[32m 16[2mms[22m[39m
 [32mΓ£ô[39m packages/control-panel/__tests__/api.control-panel.selection.derive.spec.ts[2m > [22mcontrol-panel selection deriveSelectionModel handler (public API)[2m > [22mreturns null selectionModel when element not found[32m 4[2mms[22m[39m
 [32mΓ£ô[39m packages/control-panel/__tests__/api.control-panel.selection.derive.spec.ts[2m > [22mcontrol-panel selection deriveSelectionModel handler (public API)[2m > [22mderives model for element with rx-button class[32m 158[2mms[22m[39m
 [32mΓ£ô[39m packages/control-panel/__tests__/api.control-panel.selection.derive.spec.ts[2m > [22mcontrol-panel selection deriveSelectionModel handler (public API)[2m > [22mfalls back to container type for plain div without rx- classes[32m 19[2mms[22m[39m
 [32mΓ£ô[39m packages/canvas/__tests__/handlers.handlers.spec.tsx[2m > [22mcanvas handlers handlers[2m > [22mCanvasHeader - renders base structure[32m 141[2mms[22m[39m
 [32mΓ£ô[39m packages/canvas/__tests__/handlers.handlers.spec.tsx[2m > [22mcanvas handlers handlers[2m > [22mCanvasHeader - zoom controls default to 100%[32m 21[2mms[22m[39m
 [32mΓ£ô[39m packages/canvas/__tests__/handlers.handlers.spec.tsx[2m > [22mcanvas handlers handlers[2m > [22mCanvasPage - includes header and canvas root[32m 37[2mms[22m[39m
 [32mΓ£ô[39m packages/canvas/__tests__/handlers.handlers.spec.tsx[2m > [22mcanvas handlers handlers[2m > [22mCanvasPage - drag over handler present[32m 15[2mms[22m[39m
 [32mΓ£ô[39m packages/canvas-component/__tests__/container-child-overlay.spec.ts[2m > [22mContainer child overlay positioning issues (migrated)[2m > [22mpositions overlay over child when child is clicked (absolute to canvas)[32m 100[2mms[22m[39m
 [2m[90mΓåô[39m[22m packages/canvas-component/__tests__/container-child-overlay.spec.ts[2m > [22mContainer child overlay positioning issues (migrated)[2m > [22moverlay should track child element during drag, not container (known issue)
 [32mΓ£ô[39m packages/canvas-component/__tests__/container-child-overlay.spec.ts[2m > [22mContainer child overlay positioning issues (migrated)[2m > [22mdocuments current overlay behavior for debugging[32m 19[2mms[22m[39m
