node.exe : [1m[43m DEPRECATED [49m[22m 
[33m"environmentMatchGlobs" is deprecated. Use 
`test.projects` to define different configurations 
instead.[39m
At line:1 char:1
+ & "C:\Program Files\nodejs/node.exe" "C:\Program 
Files\nodejs/node_mo ...
+ ~~~~~~~~~~~~~~~~~~~~~~~~~~~~~~~~~~~~~~~~~~~~~~~~~~
~~~~~~~~~~~~~~~~~~~
    + CategoryInfo          : NotSpecified: ([1m[ 
   43m DEPRE...s instead.[39m:String) [], RemoteE  
  xception
    + FullyQualifiedErrorId : NativeCommandError
 

[1m[46m RUN [49m[22m [36mv3.2.4 [39m[90mC:/source/repos/bpm/Internal/renderx-plugins-demo[39m

 [32mΓ£ô[39m packages/canvas-component/__tests__/api.canvas-component.selection.update.create.spec.ts [2m([22m[2m4 tests[22m[2m)[22m[32m 22[2mms[22m[39m

[2m Test Files [22m [1m[32m1 passed[39m[22m[90m (1)[39m
[2m      Tests [22m [1m[32m4 passed[39m[22m[90m (4)[39m
[2m   Start at [22m 17:00:23
[2m   Duration [22m 4.54s[2m (transform 198ms, setup 0ms, collect 1.11s, tests 22ms, environment 2.33s, prepare 406ms)[22m

